[0;32m[2025-10-27 21:03:30][0m Starting program monitoring: /home/xuguoshun/anaconda3/envs/esm_long/bin/python ESM-long_FT_predict.py --fasta ./Merge_DB_HNCasGH_M801S1Up.p80.fa --model_dir /data1/xuguoshun/lab_work/CRISPR-Cas9/0__coment_ana/1_2__new_model/ESM-long/ESM-FT --output ./ESM-long_FT_Pred.csv --num_models 10
[0;32m[2025-10-27 21:03:30][0m Log file: monitor_ESM-long_FT_predict.py_20251027_210330.log
=== System Information ===
Hostname: localhost.localdomain
Start Time: 2025年 10月 27日 星期一 21:03:30 EDT

=== Testing NPU Parsing ===
npu-smi not available

[0;32m[2025-10-27 21:03:30][0m Starting program...
=== Program Output ===
[0;32m[2025-10-27 21:03:30][0m Program started with PID: 3137251
[0;32m[2025-10-27 21:03:32][0m CPU: 537.00%, Host Memory: 538MB, GPU: 0MB, NPU Memory: 0MB, NPU HBM: 0MB, AICore: 0%
[0;32m[2025-10-27 21:03:36][0m CPU: 430.00%, Host Memory: 1007MB, GPU: 3976MB, NPU Memory: 0MB, NPU HBM: 0MB, AICore: 0%
[0;32m[2025-10-27 21:03:41][0m CPU: 301.00%, Host Memory: 1007MB, GPU: 5788MB, NPU Memory: 0MB, NPU HBM: 0MB, AICore: 0%
[0;32m[2025-10-27 21:03:45][0m CPU: 230.00%, Host Memory: 1007MB, GPU: 5788MB, NPU Memory: 0MB, NPU HBM: 0MB, AICore: 0%
[0;32m[2025-10-27 21:03:49][0m CPU: 204.00%, Host Memory: 1007MB, GPU: 5788MB, NPU Memory: 0MB, NPU HBM: 0MB, AICore: 0%
[0;32m[2025-10-27 21:03:54][0m CPU: 180.00%, Host Memory: 1007MB, GPU: 5788MB, NPU Memory: 0MB, NPU HBM: 0MB, AICore: 0%
[0;32m[2025-10-27 21:03:58][0m CPU: 170.00%, Host Memory: 1007MB, GPU: 5788MB, NPU Memory: 0MB, NPU HBM: 0MB, AICore: 0%
[0;32m[2025-10-27 21:04:03][0m CPU: 162.00%, Host Memory: 1007MB, GPU: 5788MB, NPU Memory: 0MB, NPU HBM: 0MB, AICore: 0%
[0;32m[2025-10-27 21:04:07][0m CPU: 152.00%, Host Memory: 1007MB, GPU: 5788MB, NPU Memory: 0MB, NPU HBM: 0MB, AICore: 0%
[0;32m[2025-10-27 21:04:11][0m CPU: 147.00%, Host Memory: 1007MB, GPU: 7684MB, NPU Memory: 0MB, NPU HBM: 0MB, AICore: 0%
[0;32m[2025-10-27 21:04:16][0m CPU: 144.00%, Host Memory: 1007MB, GPU: 9640MB, NPU Memory: 0MB, NPU HBM: 0MB, AICore: 0%
[0;32m[2025-10-27 21:04:20][0m CPU: 138.00%, Host Memory: 1007MB, GPU: 9640MB, NPU Memory: 0MB, NPU HBM: 0MB, AICore: 0%
[0;32m[2025-10-27 21:04:24][0m CPU: 136.00%, Host Memory: 1007MB, GPU: 9640MB, NPU Memory: 0MB, NPU HBM: 0MB, AICore: 0%
[0;32m[2025-10-27 21:04:29][0m CPU: 134.00%, Host Memory: 1007MB, GPU: 9640MB, NPU Memory: 0MB, NPU HBM: 0MB, AICore: 0%
[0;32m[2025-10-27 21:04:33][0m CPU: 130.00%, Host Memory: 1007MB, GPU: 9640MB, NPU Memory: 0MB, NPU HBM: 0MB, AICore: 0%
[0;32m[2025-10-27 21:04:37][0m CPU: 129.00%, Host Memory: 1007MB, GPU: 9640MB, NPU Memory: 0MB, NPU HBM: 0MB, AICore: 0%
[0;32m[2025-10-27 21:04:42][0m CPU: 126.00%, Host Memory: 1014MB, GPU: 9640MB, NPU Memory: 0MB, NPU HBM: 0MB, AICore: 0%
[0;32m[2025-10-27 21:04:46][0m CPU: 125.00%, Host Memory: 1014MB, GPU: 9640MB, NPU Memory: 0MB, NPU HBM: 0MB, AICore: 0%
[0;32m[2025-10-27 21:04:51][0m CPU: 124.00%, Host Memory: 1014MB, GPU: 9640MB, NPU Memory: 0MB, NPU HBM: 0MB, AICore: 0%
[0;32m[2025-10-27 21:04:55][0m CPU: 122.00%, Host Memory: 1014MB, GPU: 9640MB, NPU Memory: 0MB, NPU HBM: 0MB, AICore: 0%
[0;32m[2025-10-27 21:04:59][0m CPU: 122.00%, Host Memory: 1014MB, GPU: 9640MB, NPU Memory: 0MB, NPU HBM: 0MB, AICore: 0%
[0;32m[2025-10-27 21:05:04][0m CPU: 121.00%, Host Memory: 1014MB, GPU: 11616MB, NPU Memory: 0MB, NPU HBM: 0MB, AICore: 0%
[0;32m[2025-10-27 21:05:08][0m CPU: 119.00%, Host Memory: 1014MB, GPU: 11616MB, NPU Memory: 0MB, NPU HBM: 0MB, AICore: 0%
[0;32m[2025-10-27 21:05:12][0m CPU: 119.00%, Host Memory: 1014MB, GPU: 11616MB, NPU Memory: 0MB, NPU HBM: 0MB, AICore: 0%
[0;32m[2025-10-27 21:05:17][0m CPU: 118.00%, Host Memory: 1014MB, GPU: 11616MB, NPU Memory: 0MB, NPU HBM: 0MB, AICore: 0%
[0;32m[2025-10-27 21:05:21][0m CPU: 117.00%, Host Memory: 1014MB, GPU: 11616MB, NPU Memory: 0MB, NPU HBM: 0MB, AICore: 0%
[0;32m[2025-10-27 21:05:25][0m CPU: 117.00%, Host Memory: 1014MB, GPU: 11616MB, NPU Memory: 0MB, NPU HBM: 0MB, AICore: 0%
[0;32m[2025-10-27 21:05:30][0m CPU: 116.00%, Host Memory: 1014MB, GPU: 11616MB, NPU Memory: 0MB, NPU HBM: 0MB, AICore: 0%
[0;32m[2025-10-27 21:05:34][0m CPU: 115.00%, Host Memory: 1014MB, GPU: 11616MB, NPU Memory: 0MB, NPU HBM: 0MB, AICore: 0%
[0;32m[2025-10-27 21:05:38][0m CPU: 115.00%, Host Memory: 1014MB, GPU: 11616MB, NPU Memory: 0MB, NPU HBM: 0MB, AICore: 0%
[0;32m[2025-10-27 21:05:43][0m CPU: 114.00%, Host Memory: 1014MB, GPU: 11616MB, NPU Memory: 0MB, NPU HBM: 0MB, AICore: 0%
[0;32m[2025-10-27 21:05:47][0m CPU: 114.00%, Host Memory: 1014MB, GPU: 11616MB, NPU Memory: 0MB, NPU HBM: 0MB, AICore: 0%
[0;32m[2025-10-27 21:05:51][0m CPU: 113.00%, Host Memory: 1014MB, GPU: 11616MB, NPU Memory: 0MB, NPU HBM: 0MB, AICore: 0%
[0;32m[2025-10-27 21:05:56][0m CPU: 113.00%, Host Memory: 1014MB, GPU: 11616MB, NPU Memory: 0MB, NPU HBM: 0MB, AICore: 0%
[0;32m[2025-10-27 21:06:00][0m CPU: 112.00%, Host Memory: 1014MB, GPU: 11616MB, NPU Memory: 0MB, NPU HBM: 0MB, AICore: 0%
[0;32m[2025-10-27 21:06:05][0m CPU: 112.00%, Host Memory: 1014MB, GPU: 11616MB, NPU Memory: 0MB, NPU HBM: 0MB, AICore: 0%
[0;32m[2025-10-27 21:06:09][0m CPU: 112.00%, Host Memory: 1014MB, GPU: 11616MB, NPU Memory: 0MB, NPU HBM: 0MB, AICore: 0%
[0;32m[2025-10-27 21:06:13][0m CPU: 111.00%, Host Memory: 1014MB, GPU: 11616MB, NPU Memory: 0MB, NPU HBM: 0MB, AICore: 0%
[0;32m[2025-10-27 21:06:18][0m CPU: 111.00%, Host Memory: 1014MB, GPU: 11616MB, NPU Memory: 0MB, NPU HBM: 0MB, AICore: 0%
[0;32m[2025-10-27 21:06:22][0m CPU: 111.00%, Host Memory: 1014MB, GPU: 11616MB, NPU Memory: 0MB, NPU HBM: 0MB, AICore: 0%
[0;32m[2025-10-27 21:06:26][0m CPU: 111.00%, Host Memory: 1014MB, GPU: 11616MB, NPU Memory: 0MB, NPU HBM: 0MB, AICore: 0%
[0;32m[2025-10-27 21:06:31][0m CPU: 110.00%, Host Memory: 1014MB, GPU: 11616MB, NPU Memory: 0MB, NPU HBM: 0MB, AICore: 0%
[0;32m[2025-10-27 21:06:35][0m CPU: 110.00%, Host Memory: 1014MB, GPU: 11616MB, NPU Memory: 0MB, NPU HBM: 0MB, AICore: 0%
[0;32m[2025-10-27 21:06:39][0m CPU: 110.00%, Host Memory: 1014MB, GPU: 11616MB, NPU Memory: 0MB, NPU HBM: 0MB, AICore: 0%
[0;32m[2025-10-27 21:06:44][0m CPU: 109.00%, Host Memory: 1014MB, GPU: 11616MB, NPU Memory: 0MB, NPU HBM: 0MB, AICore: 0%
[0;32m[2025-10-27 21:06:48][0m CPU: 109.00%, Host Memory: 1014MB, GPU: 11616MB, NPU Memory: 0MB, NPU HBM: 0MB, AICore: 0%
[0;32m[2025-10-27 21:06:53][0m CPU: 109.00%, Host Memory: 1014MB, GPU: 13636MB, NPU Memory: 0MB, NPU HBM: 0MB, AICore: 0%
[0;32m[2025-10-27 21:06:57][0m CPU: 109.00%, Host Memory: 1014MB, GPU: 13638MB, NPU Memory: 0MB, NPU HBM: 0MB, AICore: 0%
[0;32m[2025-10-27 21:07:02][0m CPU: 109.00%, Host Memory: 1015MB, GPU: 13638MB, NPU Memory: 0MB, NPU HBM: 0MB, AICore: 0%
[0;32m[2025-10-27 21:07:06][0m CPU: 108.00%, Host Memory: 1015MB, GPU: 13638MB, NPU Memory: 0MB, NPU HBM: 0MB, AICore: 0%
[0;32m[2025-10-27 21:07:11][0m CPU: 108.00%, Host Memory: 1015MB, GPU: 13638MB, NPU Memory: 0MB, NPU HBM: 0MB, AICore: 0%
[0;32m[2025-10-27 21:07:15][0m CPU: 108.00%, Host Memory: 1015MB, GPU: 13638MB, NPU Memory: 0MB, NPU HBM: 0MB, AICore: 0%
[0;32m[2025-10-27 21:07:20][0m CPU: 108.00%, Host Memory: 1015MB, GPU: 13638MB, NPU Memory: 0MB, NPU HBM: 0MB, AICore: 0%
[0;32m[2025-10-27 21:07:24][0m CPU: 108.00%, Host Memory: 1015MB, GPU: 13638MB, NPU Memory: 0MB, NPU HBM: 0MB, AICore: 0%
[0;32m[2025-10-27 21:07:29][0m CPU: 108.00%, Host Memory: 1015MB, GPU: 13638MB, NPU Memory: 0MB, NPU HBM: 0MB, AICore: 0%
[0;32m[2025-10-27 21:07:33][0m CPU: 107.00%, Host Memory: 1015MB, GPU: 13638MB, NPU Memory: 0MB, NPU HBM: 0MB, AICore: 0%
[0;32m[2025-10-27 21:07:38][0m CPU: 107.00%, Host Memory: 1015MB, GPU: 13638MB, NPU Memory: 0MB, NPU HBM: 0MB, AICore: 0%
[0;32m[2025-10-27 21:07:42][0m CPU: 107.00%, Host Memory: 1015MB, GPU: 13638MB, NPU Memory: 0MB, NPU HBM: 0MB, AICore: 0%
[0;32m[2025-10-27 21:07:46][0m CPU: 107.00%, Host Memory: 1015MB, GPU: 13638MB, NPU Memory: 0MB, NPU HBM: 0MB, AICore: 0%
[0;32m[2025-10-27 21:07:51][0m CPU: 107.00%, Host Memory: 1015MB, GPU: 13638MB, NPU Memory: 0MB, NPU HBM: 0MB, AICore: 0%
[0;32m[2025-10-27 21:07:55][0m CPU: 107.00%, Host Memory: 1015MB, GPU: 13638MB, NPU Memory: 0MB, NPU HBM: 0MB, AICore: 0%
[0;32m[2025-10-27 21:08:00][0m CPU: 106.00%, Host Memory: 1015MB, GPU: 13638MB, NPU Memory: 0MB, NPU HBM: 0MB, AICore: 0%
[0;32m[2025-10-27 21:08:04][0m CPU: 106.00%, Host Memory: 1015MB, GPU: 13638MB, NPU Memory: 0MB, NPU HBM: 0MB, AICore: 0%
[0;32m[2025-10-27 21:08:09][0m CPU: 106.00%, Host Memory: 1015MB, GPU: 13638MB, NPU Memory: 0MB, NPU HBM: 0MB, AICore: 0%
[0;32m[2025-10-27 21:08:13][0m CPU: 106.00%, Host Memory: 1015MB, GPU: 13638MB, NPU Memory: 0MB, NPU HBM: 0MB, AICore: 0%
[0;32m[2025-10-27 21:08:18][0m CPU: 106.00%, Host Memory: 1015MB, GPU: 13638MB, NPU Memory: 0MB, NPU HBM: 0MB, AICore: 0%
[0;32m[2025-10-27 21:08:22][0m CPU: 106.00%, Host Memory: 1015MB, GPU: 13638MB, NPU Memory: 0MB, NPU HBM: 0MB, AICore: 0%
[0;32m[2025-10-27 21:08:27][0m CPU: 106.00%, Host Memory: 1015MB, GPU: 13638MB, NPU Memory: 0MB, NPU HBM: 0MB, AICore: 0%
[0;32m[2025-10-27 21:08:31][0m CPU: 106.00%, Host Memory: 1015MB, GPU: 13638MB, NPU Memory: 0MB, NPU HBM: 0MB, AICore: 0%
[0;32m[2025-10-27 21:08:36][0m CPU: 106.00%, Host Memory: 1015MB, GPU: 13638MB, NPU Memory: 0MB, NPU HBM: 0MB, AICore: 0%
[0;32m[2025-10-27 21:08:40][0m CPU: 106.00%, Host Memory: 1015MB, GPU: 13638MB, NPU Memory: 0MB, NPU HBM: 0MB, AICore: 0%
[0;32m[2025-10-27 21:08:45][0m CPU: 105.00%, Host Memory: 1015MB, GPU: 13638MB, NPU Memory: 0MB, NPU HBM: 0MB, AICore: 0%
[0;32m[2025-10-27 21:08:49][0m CPU: 105.00%, Host Memory: 1015MB, GPU: 13638MB, NPU Memory: 0MB, NPU HBM: 0MB, AICore: 0%
[0;32m[2025-10-27 21:08:54][0m CPU: 105.00%, Host Memory: 1015MB, GPU: 13638MB, NPU Memory: 0MB, NPU HBM: 0MB, AICore: 0%
[0;32m[2025-10-27 21:08:58][0m CPU: 105.00%, Host Memory: 1015MB, GPU: 13638MB, NPU Memory: 0MB, NPU HBM: 0MB, AICore: 0%
[0;32m[2025-10-27 21:09:03][0m CPU: 105.00%, Host Memory: 1015MB, GPU: 13638MB, NPU Memory: 0MB, NPU HBM: 0MB, AICore: 0%
[0;32m[2025-10-27 21:09:07][0m CPU: 105.00%, Host Memory: 1015MB, GPU: 13638MB, NPU Memory: 0MB, NPU HBM: 0MB, AICore: 0%
[0;32m[2025-10-27 21:09:12][0m CPU: 105.00%, Host Memory: 1015MB, GPU: 13638MB, NPU Memory: 0MB, NPU HBM: 0MB, AICore: 0%
[0;32m[2025-10-27 21:09:16][0m CPU: 105.00%, Host Memory: 1015MB, GPU: 13638MB, NPU Memory: 0MB, NPU HBM: 0MB, AICore: 0%
[0;32m[2025-10-27 21:09:21][0m CPU: 105.00%, Host Memory: 1015MB, GPU: 13638MB, NPU Memory: 0MB, NPU HBM: 0MB, AICore: 0%
[0;32m[2025-10-27 21:09:25][0m CPU: 105.00%, Host Memory: 1015MB, GPU: 13638MB, NPU Memory: 0MB, NPU HBM: 0MB, AICore: 0%
[0;32m[2025-10-27 21:09:30][0m CPU: 105.00%, Host Memory: 1015MB, GPU: 13638MB, NPU Memory: 0MB, NPU HBM: 0MB, AICore: 0%
[0;32m[2025-10-27 21:09:34][0m CPU: 105.00%, Host Memory: 1015MB, GPU: 13638MB, NPU Memory: 0MB, NPU HBM: 0MB, AICore: 0%
[0;32m[2025-10-27 21:09:39][0m CPU: 105.00%, Host Memory: 1015MB, GPU: 13638MB, NPU Memory: 0MB, NPU HBM: 0MB, AICore: 0%
[0;32m[2025-10-27 21:09:43][0m CPU: 104.00%, Host Memory: 1015MB, GPU: 13638MB, NPU Memory: 0MB, NPU HBM: 0MB, AICore: 0%
[0;32m[2025-10-27 21:09:48][0m CPU: 105.00%, Host Memory: 1015MB, GPU: 13638MB, NPU Memory: 0MB, NPU HBM: 0MB, AICore: 0%
[0;32m[2025-10-27 21:09:52][0m CPU: 104.00%, Host Memory: 1015MB, GPU: 13638MB, NPU Memory: 0MB, NPU HBM: 0MB, AICore: 0%
[0;32m[2025-10-27 21:09:57][0m CPU: 104.00%, Host Memory: 1015MB, GPU: 13638MB, NPU Memory: 0MB, NPU HBM: 0MB, AICore: 0%
[0;32m[2025-10-27 21:10:01][0m CPU: 104.00%, Host Memory: 1015MB, GPU: 13638MB, NPU Memory: 0MB, NPU HBM: 0MB, AICore: 0%
[0;32m[2025-10-27 21:10:06][0m CPU: 104.00%, Host Memory: 1015MB, GPU: 13638MB, NPU Memory: 0MB, NPU HBM: 0MB, AICore: 0%
[0;32m[2025-10-27 21:10:10][0m CPU: 104.00%, Host Memory: 1015MB, GPU: 13638MB, NPU Memory: 0MB, NPU HBM: 0MB, AICore: 0%
[0;32m[2025-10-27 21:10:15][0m CPU: 104.00%, Host Memory: 1015MB, GPU: 13638MB, NPU Memory: 0MB, NPU HBM: 0MB, AICore: 0%
[0;32m[2025-10-27 21:10:19][0m CPU: 104.00%, Host Memory: 1015MB, GPU: 13638MB, NPU Memory: 0MB, NPU HBM: 0MB, AICore: 0%
[0;32m[2025-10-27 21:10:24][0m CPU: 104.00%, Host Memory: 1015MB, GPU: 13638MB, NPU Memory: 0MB, NPU HBM: 0MB, AICore: 0%
[0;32m[2025-10-27 21:10:28][0m CPU: 104.00%, Host Memory: 1015MB, GPU: 13638MB, NPU Memory: 0MB, NPU HBM: 0MB, AICore: 0%
[0;32m[2025-10-27 21:10:33][0m CPU: 104.00%, Host Memory: 1015MB, GPU: 13638MB, NPU Memory: 0MB, NPU HBM: 0MB, AICore: 0%
[0;32m[2025-10-27 21:10:37][0m CPU: 104.00%, Host Memory: 1015MB, GPU: 13638MB, NPU Memory: 0MB, NPU HBM: 0MB, AICore: 0%
[0;32m[2025-10-27 21:10:42][0m CPU: 104.00%, Host Memory: 1015MB, GPU: 13638MB, NPU Memory: 0MB, NPU HBM: 0MB, AICore: 0%
[0;32m[2025-10-27 21:10:46][0m CPU: 104.00%, Host Memory: 1015MB, GPU: 13638MB, NPU Memory: 0MB, NPU HBM: 0MB, AICore: 0%
[0;32m[2025-10-27 21:10:51][0m CPU: 104.00%, Host Memory: 1015MB, GPU: 13638MB, NPU Memory: 0MB, NPU HBM: 0MB, AICore: 0%
[0;32m[2025-10-27 21:10:55][0m CPU: 104.00%, Host Memory: 1015MB, GPU: 13638MB, NPU Memory: 0MB, NPU HBM: 0MB, AICore: 0%
[0;32m[2025-10-27 21:11:00][0m CPU: 104.00%, Host Memory: 1015MB, GPU: 13638MB, NPU Memory: 0MB, NPU HBM: 0MB, AICore: 0%
[0;32m[2025-10-27 21:11:04][0m CPU: 103.00%, Host Memory: 1015MB, GPU: 13638MB, NPU Memory: 0MB, NPU HBM: 0MB, AICore: 0%
[0;32m[2025-10-27 21:11:09][0m CPU: 104.00%, Host Memory: 1015MB, GPU: 13638MB, NPU Memory: 0MB, NPU HBM: 0MB, AICore: 0%
[0;32m[2025-10-27 21:11:13][0m CPU: 103.00%, Host Memory: 1015MB, GPU: 13638MB, NPU Memory: 0MB, NPU HBM: 0MB, AICore: 0%
[0;32m[2025-10-27 21:11:18][0m CPU: 103.00%, Host Memory: 1015MB, GPU: 13638MB, NPU Memory: 0MB, NPU HBM: 0MB, AICore: 0%
[0;32m[2025-10-27 21:11:22][0m CPU: 103.00%, Host Memory: 1015MB, GPU: 13638MB, NPU Memory: 0MB, NPU HBM: 0MB, AICore: 0%
[0;32m[2025-10-27 21:11:26][0m CPU: 103.00%, Host Memory: 1015MB, GPU: 13638MB, NPU Memory: 0MB, NPU HBM: 0MB, AICore: 0%
[0;32m[2025-10-27 21:11:31][0m CPU: 103.00%, Host Memory: 1015MB, GPU: 13638MB, NPU Memory: 0MB, NPU HBM: 0MB, AICore: 0%
[0;32m[2025-10-27 21:11:35][0m CPU: 103.00%, Host Memory: 1015MB, GPU: 13638MB, NPU Memory: 0MB, NPU HBM: 0MB, AICore: 0%
[0;32m[2025-10-27 21:11:40][0m CPU: 103.00%, Host Memory: 1015MB, GPU: 13638MB, NPU Memory: 0MB, NPU HBM: 0MB, AICore: 0%
[0;32m[2025-10-27 21:11:44][0m CPU: 103.00%, Host Memory: 1015MB, GPU: 13638MB, NPU Memory: 0MB, NPU HBM: 0MB, AICore: 0%
[0;32m[2025-10-27 21:11:49][0m CPU: 103.00%, Host Memory: 1015MB, GPU: 13638MB, NPU Memory: 0MB, NPU HBM: 0MB, AICore: 0%
[0;32m[2025-10-27 21:11:53][0m CPU: 103.00%, Host Memory: 1015MB, GPU: 13638MB, NPU Memory: 0MB, NPU HBM: 0MB, AICore: 0%
[0;32m[2025-10-27 21:11:58][0m CPU: 103.00%, Host Memory: 1015MB, GPU: 13638MB, NPU Memory: 0MB, NPU HBM: 0MB, AICore: 0%
[0;32m[2025-10-27 21:12:02][0m CPU: 103.00%, Host Memory: 1015MB, GPU: 13638MB, NPU Memory: 0MB, NPU HBM: 0MB, AICore: 0%
[0;32m[2025-10-27 21:12:07][0m CPU: 103.00%, Host Memory: 1015MB, GPU: 13638MB, NPU Memory: 0MB, NPU HBM: 0MB, AICore: 0%
[0;32m[2025-10-27 21:12:11][0m CPU: 103.00%, Host Memory: 1015MB, GPU: 13638MB, NPU Memory: 0MB, NPU HBM: 0MB, AICore: 0%
[0;32m[2025-10-27 21:12:16][0m CPU: 103.00%, Host Memory: 1015MB, GPU: 13638MB, NPU Memory: 0MB, NPU HBM: 0MB, AICore: 0%
[0;32m[2025-10-27 21:12:20][0m CPU: 103.00%, Host Memory: 1015MB, GPU: 13638MB, NPU Memory: 0MB, NPU HBM: 0MB, AICore: 0%
[0;32m[2025-10-27 21:12:25][0m CPU: 103.00%, Host Memory: 1015MB, GPU: 13638MB, NPU Memory: 0MB, NPU HBM: 0MB, AICore: 0%
[0;32m[2025-10-27 21:12:29][0m CPU: 103.00%, Host Memory: 1015MB, GPU: 13638MB, NPU Memory: 0MB, NPU HBM: 0MB, AICore: 0%
[0;32m[2025-10-27 21:12:34][0m CPU: 103.00%, Host Memory: 1015MB, GPU: 13638MB, NPU Memory: 0MB, NPU HBM: 0MB, AICore: 0%
[0;32m[2025-10-27 21:12:38][0m CPU: 103.00%, Host Memory: 1015MB, GPU: 13638MB, NPU Memory: 0MB, NPU HBM: 0MB, AICore: 0%
[0;32m[2025-10-27 21:12:43][0m CPU: 103.00%, Host Memory: 1015MB, GPU: 13638MB, NPU Memory: 0MB, NPU HBM: 0MB, AICore: 0%
[0;32m[2025-10-27 21:12:47][0m CPU: 103.00%, Host Memory: 1015MB, GPU: 13638MB, NPU Memory: 0MB, NPU HBM: 0MB, AICore: 0%
[0;32m[2025-10-27 21:12:52][0m CPU: 103.00%, Host Memory: 1015MB, GPU: 13638MB, NPU Memory: 0MB, NPU HBM: 0MB, AICore: 0%
[0;32m[2025-10-27 21:12:56][0m CPU: 103.00%, Host Memory: 1015MB, GPU: 13638MB, NPU Memory: 0MB, NPU HBM: 0MB, AICore: 0%
[0;32m[2025-10-27 21:13:01][0m CPU: 103.00%, Host Memory: 1015MB, GPU: 13638MB, NPU Memory: 0MB, NPU HBM: 0MB, AICore: 0%
[0;32m[2025-10-27 21:13:05][0m CPU: 103.00%, Host Memory: 1015MB, GPU: 13638MB, NPU Memory: 0MB, NPU HBM: 0MB, AICore: 0%
[0;32m[2025-10-27 21:13:09][0m CPU: 103.00%, Host Memory: 1015MB, GPU: 13638MB, NPU Memory: 0MB, NPU HBM: 0MB, AICore: 0%
[0;32m[2025-10-27 21:13:14][0m CPU: 102.00%, Host Memory: 1015MB, GPU: 13638MB, NPU Memory: 0MB, NPU HBM: 0MB, AICore: 0%
[0;32m[2025-10-27 21:13:18][0m CPU: 103.00%, Host Memory: 1015MB, GPU: 13638MB, NPU Memory: 0MB, NPU HBM: 0MB, AICore: 0%
[0;32m[2025-10-27 21:13:23][0m CPU: 102.00%, Host Memory: 1015MB, GPU: 13638MB, NPU Memory: 0MB, NPU HBM: 0MB, AICore: 0%
[0;32m[2025-10-27 21:13:27][0m CPU: 102.00%, Host Memory: 1015MB, GPU: 13638MB, NPU Memory: 0MB, NPU HBM: 0MB, AICore: 0%
[0;32m[2025-10-27 21:13:32][0m CPU: 102.00%, Host Memory: 1015MB, GPU: 13638MB, NPU Memory: 0MB, NPU HBM: 0MB, AICore: 0%
[0;32m[2025-10-27 21:13:36][0m CPU: 102.00%, Host Memory: 1015MB, GPU: 13638MB, NPU Memory: 0MB, NPU HBM: 0MB, AICore: 0%
[0;32m[2025-10-27 21:13:41][0m CPU: 102.00%, Host Memory: 1015MB, GPU: 13638MB, NPU Memory: 0MB, NPU HBM: 0MB, AICore: 0%
[0;32m[2025-10-27 21:13:45][0m CPU: 102.00%, Host Memory: 1015MB, GPU: 13638MB, NPU Memory: 0MB, NPU HBM: 0MB, AICore: 0%
[0;32m[2025-10-27 21:13:50][0m CPU: 102.00%, Host Memory: 1015MB, GPU: 13638MB, NPU Memory: 0MB, NPU HBM: 0MB, AICore: 0%
[0;32m[2025-10-27 21:13:54][0m CPU: 102.00%, Host Memory: 1015MB, GPU: 13638MB, NPU Memory: 0MB, NPU HBM: 0MB, AICore: 0%
[0;32m[2025-10-27 21:13:59][0m CPU: 102.00%, Host Memory: 1015MB, GPU: 13638MB, NPU Memory: 0MB, NPU HBM: 0MB, AICore: 0%
[0;32m[2025-10-27 21:14:03][0m CPU: 102.00%, Host Memory: 1015MB, GPU: 13638MB, NPU Memory: 0MB, NPU HBM: 0MB, AICore: 0%
[0;32m[2025-10-27 21:14:08][0m CPU: 102.00%, Host Memory: 1015MB, GPU: 13638MB, NPU Memory: 0MB, NPU HBM: 0MB, AICore: 0%
[0;32m[2025-10-27 21:14:12][0m CPU: 102.00%, Host Memory: 1015MB, GPU: 13638MB, NPU Memory: 0MB, NPU HBM: 0MB, AICore: 0%
[0;32m[2025-10-27 21:14:17][0m CPU: 102.00%, Host Memory: 1015MB, GPU: 13638MB, NPU Memory: 0MB, NPU HBM: 0MB, AICore: 0%
[0;32m[2025-10-27 21:14:21][0m CPU: 102.00%, Host Memory: 1015MB, GPU: 13638MB, NPU Memory: 0MB, NPU HBM: 0MB, AICore: 0%
[0;32m[2025-10-27 21:14:26][0m CPU: 102.00%, Host Memory: 1015MB, GPU: 13638MB, NPU Memory: 0MB, NPU HBM: 0MB, AICore: 0%
[0;32m[2025-10-27 21:14:30][0m CPU: 102.00%, Host Memory: 1015MB, GPU: 13638MB, NPU Memory: 0MB, NPU HBM: 0MB, AICore: 0%
[0;32m[2025-10-27 21:14:35][0m CPU: 102.00%, Host Memory: 1015MB, GPU: 13638MB, NPU Memory: 0MB, NPU HBM: 0MB, AICore: 0%
[0;32m[2025-10-27 21:14:39][0m CPU: 102.00%, Host Memory: 1015MB, GPU: 13638MB, NPU Memory: 0MB, NPU HBM: 0MB, AICore: 0%
[0;32m[2025-10-27 21:14:44][0m CPU: 102.00%, Host Memory: 1015MB, GPU: 13638MB, NPU Memory: 0MB, NPU HBM: 0MB, AICore: 0%
[0;32m[2025-10-27 21:14:48][0m CPU: 102.00%, Host Memory: 1015MB, GPU: 13638MB, NPU Memory: 0MB, NPU HBM: 0MB, AICore: 0%
[0;32m[2025-10-27 21:14:53][0m CPU: 102.00%, Host Memory: 1015MB, GPU: 13638MB, NPU Memory: 0MB, NPU HBM: 0MB, AICore: 0%
[0;32m[2025-10-27 21:14:57][0m CPU: 102.00%, Host Memory: 1015MB, GPU: 13638MB, NPU Memory: 0MB, NPU HBM: 0MB, AICore: 0%
[0;32m[2025-10-27 21:15:02][0m CPU: 102.00%, Host Memory: 1015MB, GPU: 13638MB, NPU Memory: 0MB, NPU HBM: 0MB, AICore: 0%
[0;32m[2025-10-27 21:15:06][0m CPU: 102.00%, Host Memory: 1015MB, GPU: 13638MB, NPU Memory: 0MB, NPU HBM: 0MB, AICore: 0%
[0;32m[2025-10-27 21:15:11][0m CPU: 102.00%, Host Memory: 1015MB, GPU: 13638MB, NPU Memory: 0MB, NPU HBM: 0MB, AICore: 0%
[0;32m[2025-10-27 21:15:15][0m CPU: 102.00%, Host Memory: 1015MB, GPU: 13638MB, NPU Memory: 0MB, NPU HBM: 0MB, AICore: 0%
[0;32m[2025-10-27 21:15:20][0m CPU: 102.00%, Host Memory: 1015MB, GPU: 13638MB, NPU Memory: 0MB, NPU HBM: 0MB, AICore: 0%
[0;32m[2025-10-27 21:15:24][0m CPU: 102.00%, Host Memory: 1015MB, GPU: 13638MB, NPU Memory: 0MB, NPU HBM: 0MB, AICore: 0%
[0;32m[2025-10-27 21:15:28][0m CPU: 102.00%, Host Memory: 1015MB, GPU: 13638MB, NPU Memory: 0MB, NPU HBM: 0MB, AICore: 0%
[0;32m[2025-10-27 21:15:33][0m CPU: 102.00%, Host Memory: 1015MB, GPU: 13638MB, NPU Memory: 0MB, NPU HBM: 0MB, AICore: 0%
[0;32m[2025-10-27 21:15:37][0m CPU: 102.00%, Host Memory: 1015MB, GPU: 13638MB, NPU Memory: 0MB, NPU HBM: 0MB, AICore: 0%
[0;32m[2025-10-27 21:15:42][0m CPU: 102.00%, Host Memory: 1015MB, GPU: 13638MB, NPU Memory: 0MB, NPU HBM: 0MB, AICore: 0%
[0;32m[2025-10-27 21:15:46][0m CPU: 102.00%, Host Memory: 1015MB, GPU: 13638MB, NPU Memory: 0MB, NPU HBM: 0MB, AICore: 0%
[0;32m[2025-10-27 21:15:50][0m CPU: 102.00%, Host Memory: 1015MB, GPU: 13638MB, NPU Memory: 0MB, NPU HBM: 0MB, AICore: 0%
[0;32m[2025-10-27 21:15:55][0m CPU: 102.00%, Host Memory: 1015MB, GPU: 13638MB, NPU Memory: 0MB, NPU HBM: 0MB, AICore: 0%
[0;32m[2025-10-27 21:15:59][0m CPU: 102.00%, Host Memory: 1015MB, GPU: 13638MB, NPU Memory: 0MB, NPU HBM: 0MB, AICore: 0%
[0;32m[2025-10-27 21:16:03][0m CPU: 102.00%, Host Memory: 1015MB, GPU: 13638MB, NPU Memory: 0MB, NPU HBM: 0MB, AICore: 0%
[0;32m[2025-10-27 21:16:08][0m CPU: 102.00%, Host Memory: 1015MB, GPU: 13638MB, NPU Memory: 0MB, NPU HBM: 0MB, AICore: 0%
[0;32m[2025-10-27 21:16:12][0m CPU: 102.00%, Host Memory: 1015MB, GPU: 13638MB, NPU Memory: 0MB, NPU HBM: 0MB, AICore: 0%
[0;32m[2025-10-27 21:16:17][0m CPU: 102.00%, Host Memory: 1015MB, GPU: 13638MB, NPU Memory: 0MB, NPU HBM: 0MB, AICore: 0%
[0;32m[2025-10-27 21:16:21][0m CPU: 102.00%, Host Memory: 1015MB, GPU: 13638MB, NPU Memory: 0MB, NPU HBM: 0MB, AICore: 0%
[0;32m[2025-10-27 21:16:25][0m CPU: 102.00%, Host Memory: 1015MB, GPU: 13638MB, NPU Memory: 0MB, NPU HBM: 0MB, AICore: 0%
[0;32m[2025-10-27 21:16:30][0m CPU: 102.00%, Host Memory: 1015MB, GPU: 13638MB, NPU Memory: 0MB, NPU HBM: 0MB, AICore: 0%
[0;32m[2025-10-27 21:16:34][0m CPU: 102.00%, Host Memory: 1015MB, GPU: 13638MB, NPU Memory: 0MB, NPU HBM: 0MB, AICore: 0%
[0;32m[2025-10-27 21:16:38][0m CPU: 102.00%, Host Memory: 1015MB, GPU: 13638MB, NPU Memory: 0MB, NPU HBM: 0MB, AICore: 0%
[0;32m[2025-10-27 21:16:43][0m CPU: 102.00%, Host Memory: 1015MB, GPU: 13638MB, NPU Memory: 0MB, NPU HBM: 0MB, AICore: 0%
[0;32m[2025-10-27 21:16:47][0m CPU: 102.00%, Host Memory: 1015MB, GPU: 13638MB, NPU Memory: 0MB, NPU HBM: 0MB, AICore: 0%
[0;32m[2025-10-27 21:16:52][0m CPU: 102.00%, Host Memory: 1015MB, GPU: 13638MB, NPU Memory: 0MB, NPU HBM: 0MB, AICore: 0%
[0;32m[2025-10-27 21:16:56][0m CPU: 102.00%, Host Memory: 1015MB, GPU: 13638MB, NPU Memory: 0MB, NPU HBM: 0MB, AICore: 0%
[0;32m[2025-10-27 21:17:00][0m CPU: 102.00%, Host Memory: 1015MB, GPU: 13638MB, NPU Memory: 0MB, NPU HBM: 0MB, AICore: 0%
[0;32m[2025-10-27 21:17:05][0m CPU: 102.00%, Host Memory: 1015MB, GPU: 13638MB, NPU Memory: 0MB, NPU HBM: 0MB, AICore: 0%
[0;32m[2025-10-27 21:17:09][0m CPU: 102.00%, Host Memory: 1015MB, GPU: 13638MB, NPU Memory: 0MB, NPU HBM: 0MB, AICore: 0%
[0;32m[2025-10-27 21:17:13][0m CPU: 102.00%, Host Memory: 1015MB, GPU: 13638MB, NPU Memory: 0MB, NPU HBM: 0MB, AICore: 0%
[0;32m[2025-10-27 21:17:18][0m CPU: 102.00%, Host Memory: 1015MB, GPU: 13638MB, NPU Memory: 0MB, NPU HBM: 0MB, AICore: 0%
[0;32m[2025-10-27 21:17:22][0m CPU: 102.00%, Host Memory: 1015MB, GPU: 13638MB, NPU Memory: 0MB, NPU HBM: 0MB, AICore: 0%
[0;32m[2025-10-27 21:17:26][0m CPU: 102.00%, Host Memory: 1015MB, GPU: 13638MB, NPU Memory: 0MB, NPU HBM: 0MB, AICore: 0%
[0;32m[2025-10-27 21:17:31][0m CPU: 101.00%, Host Memory: 1015MB, GPU: 13638MB, NPU Memory: 0MB, NPU HBM: 0MB, AICore: 0%
[0;32m[2025-10-27 21:17:35][0m CPU: 102.00%, Host Memory: 1015MB, GPU: 13638MB, NPU Memory: 0MB, NPU HBM: 0MB, AICore: 0%
[0;32m[2025-10-27 21:17:40][0m CPU: 102.00%, Host Memory: 1015MB, GPU: 13638MB, NPU Memory: 0MB, NPU HBM: 0MB, AICore: 0%
[0;32m[2025-10-27 21:17:44][0m CPU: 101.00%, Host Memory: 1015MB, GPU: 13638MB, NPU Memory: 0MB, NPU HBM: 0MB, AICore: 0%
[0;32m[2025-10-27 21:17:48][0m CPU: 101.00%, Host Memory: 1016MB, GPU: 13638MB, NPU Memory: 0MB, NPU HBM: 0MB, AICore: 0%
[0;32m[2025-10-27 21:17:53][0m CPU: 102.00%, Host Memory: 1016MB, GPU: 13638MB, NPU Memory: 0MB, NPU HBM: 0MB, AICore: 0%
[0;32m[2025-10-27 21:17:57][0m CPU: 101.00%, Host Memory: 1016MB, GPU: 13638MB, NPU Memory: 0MB, NPU HBM: 0MB, AICore: 0%
[0;32m[2025-10-27 21:18:01][0m CPU: 101.00%, Host Memory: 1016MB, GPU: 13638MB, NPU Memory: 0MB, NPU HBM: 0MB, AICore: 0%
[0;32m[2025-10-27 21:18:06][0m CPU: 101.00%, Host Memory: 1016MB, GPU: 13638MB, NPU Memory: 0MB, NPU HBM: 0MB, AICore: 0%
[0;32m[2025-10-27 21:18:10][0m CPU: 101.00%, Host Memory: 1016MB, GPU: 13638MB, NPU Memory: 0MB, NPU HBM: 0MB, AICore: 0%
[0;32m[2025-10-27 21:18:15][0m CPU: 101.00%, Host Memory: 1016MB, GPU: 13638MB, NPU Memory: 0MB, NPU HBM: 0MB, AICore: 0%
[0;32m[2025-10-27 21:18:19][0m CPU: 101.00%, Host Memory: 1016MB, GPU: 13638MB, NPU Memory: 0MB, NPU HBM: 0MB, AICore: 0%
[0;32m[2025-10-27 21:18:23][0m CPU: 101.00%, Host Memory: 1016MB, GPU: 13638MB, NPU Memory: 0MB, NPU HBM: 0MB, AICore: 0%
[0;32m[2025-10-27 21:18:28][0m CPU: 101.00%, Host Memory: 1016MB, GPU: 13638MB, NPU Memory: 0MB, NPU HBM: 0MB, AICore: 0%
[0;32m[2025-10-27 21:18:32][0m CPU: 101.00%, Host Memory: 1016MB, GPU: 13638MB, NPU Memory: 0MB, NPU HBM: 0MB, AICore: 0%
[0;32m[2025-10-27 21:18:36][0m CPU: 101.00%, Host Memory: 1016MB, GPU: 13638MB, NPU Memory: 0MB, NPU HBM: 0MB, AICore: 0%
[0;32m[2025-10-27 21:18:41][0m CPU: 101.00%, Host Memory: 1016MB, GPU: 13638MB, NPU Memory: 0MB, NPU HBM: 0MB, AICore: 0%
[0;32m[2025-10-27 21:18:45][0m CPU: 101.00%, Host Memory: 1016MB, GPU: 13638MB, NPU Memory: 0MB, NPU HBM: 0MB, AICore: 0%
[0;32m[2025-10-27 21:18:49][0m CPU: 101.00%, Host Memory: 1016MB, GPU: 13638MB, NPU Memory: 0MB, NPU HBM: 0MB, AICore: 0%
[0;32m[2025-10-27 21:18:54][0m CPU: 101.00%, Host Memory: 1016MB, GPU: 13638MB, NPU Memory: 0MB, NPU HBM: 0MB, AICore: 0%
[0;32m[2025-10-27 21:18:58][0m CPU: 101.00%, Host Memory: 1016MB, GPU: 13638MB, NPU Memory: 0MB, NPU HBM: 0MB, AICore: 0%
[0;32m[2025-10-27 21:19:02][0m CPU: 101.00%, Host Memory: 1016MB, GPU: 13638MB, NPU Memory: 0MB, NPU HBM: 0MB, AICore: 0%
[0;32m[2025-10-27 21:19:07][0m CPU: 101.00%, Host Memory: 1016MB, GPU: 13638MB, NPU Memory: 0MB, NPU HBM: 0MB, AICore: 0%
[0;32m[2025-10-27 21:19:11][0m CPU: 101.00%, Host Memory: 1016MB, GPU: 13638MB, NPU Memory: 0MB, NPU HBM: 0MB, AICore: 0%
[0;32m[2025-10-27 21:19:16][0m CPU: 101.00%, Host Memory: 1016MB, GPU: 13638MB, NPU Memory: 0MB, NPU HBM: 0MB, AICore: 0%
[0;32m[2025-10-27 21:19:20][0m CPU: 101.00%, Host Memory: 1016MB, GPU: 13638MB, NPU Memory: 0MB, NPU HBM: 0MB, AICore: 0%
[0;32m[2025-10-27 21:19:24][0m CPU: 101.00%, Host Memory: 1016MB, GPU: 13638MB, NPU Memory: 0MB, NPU HBM: 0MB, AICore: 0%
[0;32m[2025-10-27 21:19:29][0m CPU: 101.00%, Host Memory: 1016MB, GPU: 13638MB, NPU Memory: 0MB, NPU HBM: 0MB, AICore: 0%
[0;32m[2025-10-27 21:19:33][0m CPU: 101.00%, Host Memory: 1016MB, GPU: 13638MB, NPU Memory: 0MB, NPU HBM: 0MB, AICore: 0%
[0;32m[2025-10-27 21:19:38][0m CPU: 101.00%, Host Memory: 1016MB, GPU: 13638MB, NPU Memory: 0MB, NPU HBM: 0MB, AICore: 0%
[0;32m[2025-10-27 21:19:42][0m CPU: 101.00%, Host Memory: 1016MB, GPU: 13638MB, NPU Memory: 0MB, NPU HBM: 0MB, AICore: 0%
[0;32m[2025-10-27 21:19:47][0m CPU: 101.00%, Host Memory: 1016MB, GPU: 13638MB, NPU Memory: 0MB, NPU HBM: 0MB, AICore: 0%
[0;32m[2025-10-27 21:19:51][0m CPU: 101.00%, Host Memory: 1016MB, GPU: 13638MB, NPU Memory: 0MB, NPU HBM: 0MB, AICore: 0%
[0;32m[2025-10-27 21:19:56][0m CPU: 101.00%, Host Memory: 1016MB, GPU: 13638MB, NPU Memory: 0MB, NPU HBM: 0MB, AICore: 0%
[0;32m[2025-10-27 21:20:00][0m CPU: 101.00%, Host Memory: 1016MB, GPU: 13638MB, NPU Memory: 0MB, NPU HBM: 0MB, AICore: 0%
[0;32m[2025-10-27 21:20:05][0m CPU: 101.00%, Host Memory: 1016MB, GPU: 13638MB, NPU Memory: 0MB, NPU HBM: 0MB, AICore: 0%
[0;32m[2025-10-27 21:20:09][0m CPU: 101.00%, Host Memory: 1016MB, GPU: 13638MB, NPU Memory: 0MB, NPU HBM: 0MB, AICore: 0%
[0;32m[2025-10-27 21:20:14][0m CPU: 101.00%, Host Memory: 1016MB, GPU: 13638MB, NPU Memory: 0MB, NPU HBM: 0MB, AICore: 0%
[0;32m[2025-10-27 21:20:18][0m CPU: 101.00%, Host Memory: 1016MB, GPU: 13638MB, NPU Memory: 0MB, NPU HBM: 0MB, AICore: 0%
[0;32m[2025-10-27 21:20:23][0m CPU: 101.00%, Host Memory: 1016MB, GPU: 13638MB, NPU Memory: 0MB, NPU HBM: 0MB, AICore: 0%
[0;32m[2025-10-27 21:20:27][0m CPU: 101.00%, Host Memory: 1016MB, GPU: 13638MB, NPU Memory: 0MB, NPU HBM: 0MB, AICore: 0%
[0;32m[2025-10-27 21:20:32][0m CPU: 101.00%, Host Memory: 1016MB, GPU: 13638MB, NPU Memory: 0MB, NPU HBM: 0MB, AICore: 0%
[0;32m[2025-10-27 21:20:36][0m CPU: 101.00%, Host Memory: 1016MB, GPU: 13638MB, NPU Memory: 0MB, NPU HBM: 0MB, AICore: 0%
[0;32m[2025-10-27 21:20:41][0m CPU: 101.00%, Host Memory: 1016MB, GPU: 13638MB, NPU Memory: 0MB, NPU HBM: 0MB, AICore: 0%
[0;32m[2025-10-27 21:20:45][0m CPU: 101.00%, Host Memory: 1016MB, GPU: 13638MB, NPU Memory: 0MB, NPU HBM: 0MB, AICore: 0%
[0;32m[2025-10-27 21:20:50][0m CPU: 101.00%, Host Memory: 1016MB, GPU: 13638MB, NPU Memory: 0MB, NPU HBM: 0MB, AICore: 0%
[0;32m[2025-10-27 21:20:54][0m CPU: 101.00%, Host Memory: 1016MB, GPU: 13638MB, NPU Memory: 0MB, NPU HBM: 0MB, AICore: 0%

=== Run Statistics ===
Exit Code: 0
Run Time: 0h 17m 26s
Start Time: 2025-10-27 21:03:30
End Time: 2025-10-27 21:20:56

=== Resource Usage Summary ===
21:03:32,537.00,538,0,0,0,0,1
21:03:34,590.00,822,698,0,0,0,1
21:03:36,430.00,1007,3976,0,0,0,1
21:03:38,349.00,1007,5784,0,0,0,1
21:03:40,301.00,1007,5788,0,0,0,1
21:03:43,248.00,1007,5788,0,0,0,1
21:03:45,230.00,1007,5788,0,0,0,1
21:03:47,215.00,1007,5788,0,0,0,1
21:03:49,204.00,1007,5788,0,0,0,1
21:03:51,195.00,1007,5788,0,0,0,1
21:03:54,180.00,1007,5788,0,0,0,1
21:03:56,174.00,1007,5788,0,0,0,1
21:03:58,170.00,1007,5788,0,0,0,1
21:04:00,165.00,1007,5788,0,0,0,1
21:04:02,162.00,1007,5788,0,0,0,1
21:04:05,159.00,1007,5788,0,0,0,1
21:04:07,152.00,1007,5788,0,0,0,1
21:04:09,149.00,1007,5788,0,0,0,1
21:04:11,147.00,1007,7684,0,0,0,1
21:04:13,146.00,1007,9640,0,0,0,1
21:04:15,144.00,1007,9640,0,0,0,1
21:04:18,140.00,1007,9640,0,0,0,1
21:04:20,138.00,1007,9640,0,0,0,1
21:04:22,137.00,1007,9640,0,0,0,1
21:04:24,136.00,1007,9640,0,0,0,1
21:04:26,135.00,1007,9640,0,0,0,1
21:04:29,134.00,1007,9640,0,0,0,1
21:04:31,131.00,1007,9640,0,0,0,1
21:04:33,130.00,1007,9640,0,0,0,1
21:04:35,130.00,1007,9640,0,0,0,1
21:04:37,129.00,1007,9640,0,0,0,1
21:04:39,128.00,1007,9640,0,0,0,1
21:04:42,126.00,1014,9640,0,0,0,1
21:04:44,126.00,1014,9640,0,0,0,1
21:04:46,125.00,1014,9640,0,0,0,1
21:04:48,125.00,1014,9640,0,0,0,1
21:04:50,124.00,1014,9640,0,0,0,1
21:04:53,124.00,1014,9640,0,0,0,1
21:04:55,122.00,1014,9640,0,0,0,1
21:04:57,122.00,1014,9640,0,0,0,1
21:04:59,122.00,1014,9640,0,0,0,1
21:05:01,121.00,1014,9640,0,0,0,1
21:05:03,121.00,1014,11616,0,0,0,1
21:05:06,119.00,1014,11616,0,0,0,1
21:05:08,119.00,1014,11616,0,0,0,1
21:05:10,119.00,1014,11616,0,0,0,1
21:05:12,119.00,1014,11616,0,0,0,1
21:05:14,119.00,1014,11616,0,0,0,1
21:05:17,118.00,1014,11616,0,0,0,1
21:05:19,117.00,1014,11616,0,0,0,1
21:05:21,117.00,1014,11616,0,0,0,1
21:05:23,117.00,1014,11616,0,0,0,1
21:05:25,117.00,1014,11616,0,0,0,1
21:05:27,116.00,1014,11616,0,0,0,1
21:05:30,116.00,1014,11616,0,0,0,1
21:05:32,115.00,1014,11616,0,0,0,1
21:05:34,115.00,1014,11616,0,0,0,1
21:05:36,115.00,1014,11616,0,0,0,1
21:05:38,115.00,1014,11616,0,0,0,1
21:05:40,115.00,1014,11616,0,0,0,1
21:05:43,114.00,1014,11616,0,0,0,1
21:05:45,114.00,1014,11616,0,0,0,1
21:05:47,114.00,1014,11616,0,0,0,1
21:05:49,114.00,1014,11616,0,0,0,1
21:05:51,113.00,1014,11616,0,0,0,1
21:05:53,113.00,1014,11616,0,0,0,1
21:05:56,113.00,1014,11616,0,0,0,1
21:05:58,112.00,1014,11616,0,0,0,1
21:06:00,112.00,1014,11616,0,0,0,1
21:06:02,112.00,1014,11616,0,0,0,1
21:06:04,112.00,1014,11616,0,0,0,1
21:06:07,112.00,1014,11616,0,0,0,1
21:06:09,112.00,1014,11616,0,0,0,1
21:06:11,111.00,1014,11616,0,0,0,1
21:06:13,111.00,1014,11616,0,0,0,1
21:06:15,111.00,1014,11616,0,0,0,1
21:06:18,111.00,1014,11616,0,0,0,1
21:06:20,111.00,1014,11616,0,0,0,1
21:06:22,111.00,1014,11616,0,0,0,1
21:06:24,111.00,1014,11616,0,0,0,1
21:06:26,111.00,1014,11616,0,0,0,1
21:06:28,111.00,1014,11616,0,0,0,1
21:06:31,110.00,1014,11616,0,0,0,1
21:06:33,110.00,1014,11616,0,0,0,1
21:06:35,110.00,1014,11616,0,0,0,1
21:06:37,110.00,1014,11616,0,0,0,1
21:06:39,110.00,1014,11616,0,0,0,1
21:06:41,110.00,1014,11616,0,0,0,1
21:06:44,109.00,1014,11616,0,0,0,1
21:06:46,109.00,1014,11616,0,0,0,1
21:06:48,109.00,1014,11616,0,0,0,1
21:06:50,109.00,1014,11616,0,0,0,1
21:06:53,109.00,1014,13636,0,0,0,1
21:06:55,109.00,1014,13638,0,0,0,1
21:06:57,109.00,1014,13638,0,0,0,1
21:06:59,109.00,1014,13638,0,0,0,1
21:07:01,109.00,1015,13638,0,0,0,1
21:07:04,108.00,1015,13638,0,0,0,1
21:07:06,108.00,1015,13638,0,0,0,1
21:07:08,108.00,1015,13638,0,0,0,1
21:07:10,108.00,1015,13638,0,0,0,1
21:07:13,108.00,1015,13638,0,0,0,1
21:07:15,108.00,1015,13638,0,0,0,1
21:07:17,108.00,1015,13638,0,0,0,1
21:07:19,108.00,1015,13638,0,0,0,1
21:07:22,108.00,1015,13638,0,0,0,1
21:07:24,108.00,1015,13638,0,0,0,1
21:07:26,108.00,1015,13638,0,0,0,1
21:07:28,108.00,1015,13638,0,0,0,1
21:07:31,107.00,1015,13638,0,0,0,1
21:07:33,107.00,1015,13638,0,0,0,1
21:07:35,107.00,1015,13638,0,0,0,1
21:07:37,107.00,1015,13638,0,0,0,1
21:07:40,107.00,1015,13638,0,0,0,1
21:07:42,107.00,1015,13638,0,0,0,1
21:07:44,107.00,1015,13638,0,0,0,1
21:07:46,107.00,1015,13638,0,0,0,1
21:07:49,107.00,1015,13638,0,0,0,1
21:07:51,107.00,1015,13638,0,0,0,1
21:07:53,107.00,1015,13638,0,0,0,1
21:07:55,107.00,1015,13638,0,0,0,1
21:07:58,107.00,1015,13638,0,0,0,1
21:08:00,106.00,1015,13638,0,0,0,1
21:08:02,106.00,1015,13638,0,0,0,1
21:08:04,106.00,1015,13638,0,0,0,1
21:08:06,107.00,1015,13638,0,0,0,1
21:08:09,106.00,1015,13638,0,0,0,1
21:08:11,106.00,1015,13638,0,0,0,1
21:08:13,106.00,1015,13638,0,0,0,1
21:08:15,106.00,1015,13638,0,0,0,1
21:08:18,106.00,1015,13638,0,0,0,1
21:08:20,106.00,1015,13638,0,0,0,1
21:08:22,106.00,1015,13638,0,0,0,1
21:08:24,106.00,1015,13638,0,0,0,1
21:08:27,106.00,1015,13638,0,0,0,1
21:08:29,106.00,1015,13638,0,0,0,1
21:08:31,106.00,1015,13638,0,0,0,1
21:08:33,106.00,1015,13638,0,0,0,1
21:08:36,106.00,1015,13638,0,0,0,1
21:08:38,106.00,1015,13638,0,0,0,1
21:08:40,106.00,1015,13638,0,0,0,1
21:08:42,106.00,1015,13638,0,0,0,1
21:08:45,105.00,1015,13638,0,0,0,1
21:08:47,105.00,1015,13638,0,0,0,1
21:08:49,105.00,1015,13638,0,0,0,1
21:08:51,105.00,1015,13638,0,0,0,1
21:08:54,105.00,1015,13638,0,0,0,1
21:08:56,105.00,1015,13638,0,0,0,1
21:08:58,105.00,1015,13638,0,0,0,1
21:09:00,105.00,1015,13638,0,0,0,1
21:09:03,105.00,1015,13638,0,0,0,1
21:09:05,105.00,1015,13638,0,0,0,1
21:09:07,105.00,1015,13638,0,0,0,1
21:09:09,105.00,1015,13638,0,0,0,1
21:09:12,105.00,1015,13638,0,0,0,1
21:09:14,105.00,1015,13638,0,0,0,1
21:09:16,105.00,1015,13638,0,0,0,1
21:09:18,105.00,1015,13638,0,0,0,1
21:09:21,105.00,1015,13638,0,0,0,1
21:09:23,105.00,1015,13638,0,0,0,1
21:09:25,105.00,1015,13638,0,0,0,1
21:09:27,105.00,1015,13638,0,0,0,1
21:09:29,105.00,1015,13638,0,0,0,1
21:09:32,105.00,1015,13638,0,0,0,1
21:09:34,105.00,1015,13638,0,0,0,1
21:09:36,105.00,1015,13638,0,0,0,1
21:09:38,105.00,1015,13638,0,0,0,1
21:09:41,104.00,1015,13638,0,0,0,1
21:09:43,104.00,1015,13638,0,0,0,1
21:09:45,104.00,1015,13638,0,0,0,1
21:09:47,105.00,1015,13638,0,0,0,1
21:09:50,104.00,1015,13638,0,0,0,1
21:09:52,104.00,1015,13638,0,0,0,1
21:09:54,104.00,1015,13638,0,0,0,1
21:09:56,104.00,1015,13638,0,0,0,1
21:09:59,104.00,1015,13638,0,0,0,1
21:10:01,104.00,1015,13638,0,0,0,1
21:10:03,104.00,1015,13638,0,0,0,1
21:10:05,104.00,1015,13638,0,0,0,1
21:10:08,104.00,1015,13638,0,0,0,1
21:10:10,104.00,1015,13638,0,0,0,1
21:10:12,104.00,1015,13638,0,0,0,1
21:10:14,104.00,1015,13638,0,0,0,1
21:10:17,104.00,1015,13638,0,0,0,1
21:10:19,104.00,1015,13638,0,0,0,1
21:10:21,104.00,1015,13638,0,0,0,1
21:10:23,104.00,1015,13638,0,0,0,1
21:10:26,104.00,1015,13638,0,0,0,1
21:10:28,104.00,1015,13638,0,0,0,1
21:10:30,104.00,1015,13638,0,0,0,1
21:10:32,104.00,1015,13638,0,0,0,1
21:10:35,104.00,1015,13638,0,0,0,1
21:10:37,104.00,1015,13638,0,0,0,1
21:10:39,104.00,1015,13638,0,0,0,1
21:10:41,104.00,1015,13638,0,0,0,1
21:10:44,104.00,1015,13638,0,0,0,1
21:10:46,104.00,1015,13638,0,0,0,1
21:10:48,104.00,1015,13638,0,0,0,1
21:10:50,104.00,1015,13638,0,0,0,1
21:10:53,104.00,1015,13638,0,0,0,1
21:10:55,104.00,1015,13638,0,0,0,1
21:10:57,104.00,1015,13638,0,0,0,1
21:10:59,104.00,1015,13638,0,0,0,1
21:11:02,103.00,1015,13638,0,0,0,1
21:11:04,103.00,1015,13638,0,0,0,1
21:11:06,104.00,1015,13638,0,0,0,1
21:11:08,104.00,1015,13638,0,0,0,1
21:11:11,103.00,1015,13638,0,0,0,1
21:11:13,103.00,1015,13638,0,0,0,1
21:11:15,103.00,1015,13638,0,0,0,1
21:11:17,103.00,1015,13638,0,0,0,1
21:11:20,103.00,1015,13638,0,0,0,1
21:11:22,103.00,1015,13638,0,0,0,1
21:11:24,103.00,1015,13638,0,0,0,1
21:11:26,103.00,1015,13638,0,0,0,1
21:11:28,103.00,1015,13638,0,0,0,1
21:11:31,103.00,1015,13638,0,0,0,1
21:11:33,103.00,1015,13638,0,0,0,1
21:11:35,103.00,1015,13638,0,0,0,1
21:11:37,103.00,1015,13638,0,0,0,1
21:11:40,103.00,1015,13638,0,0,0,1
21:11:42,103.00,1015,13638,0,0,0,1
21:11:44,103.00,1015,13638,0,0,0,1
21:11:46,103.00,1015,13638,0,0,0,1
21:11:49,103.00,1015,13638,0,0,0,1
21:11:51,103.00,1015,13638,0,0,0,1
21:11:53,103.00,1015,13638,0,0,0,1
21:11:55,103.00,1015,13638,0,0,0,1
21:11:58,103.00,1015,13638,0,0,0,1
21:12:00,103.00,1015,13638,0,0,0,1
21:12:02,103.00,1015,13638,0,0,0,1
21:12:04,103.00,1015,13638,0,0,0,1
21:12:07,103.00,1015,13638,0,0,0,1
21:12:09,103.00,1015,13638,0,0,0,1
21:12:11,103.00,1015,13638,0,0,0,1
21:12:13,103.00,1015,13638,0,0,0,1
21:12:15,103.00,1015,13638,0,0,0,1
21:12:18,103.00,1015,13638,0,0,0,1
21:12:20,103.00,1015,13638,0,0,0,1
21:12:22,103.00,1015,13638,0,0,0,1
21:12:24,103.00,1015,13638,0,0,0,1
21:12:27,103.00,1015,13638,0,0,0,1
21:12:29,103.00,1015,13638,0,0,0,1
21:12:31,103.00,1015,13638,0,0,0,1
21:12:33,103.00,1015,13638,0,0,0,1
21:12:36,103.00,1015,13638,0,0,0,1
21:12:38,103.00,1015,13638,0,0,0,1
21:12:40,103.00,1015,13638,0,0,0,1
21:12:42,103.00,1015,13638,0,0,0,1
21:12:45,103.00,1015,13638,0,0,0,1
21:12:47,103.00,1015,13638,0,0,0,1
21:12:49,103.00,1015,13638,0,0,0,1
21:12:51,103.00,1015,13638,0,0,0,1
21:12:54,103.00,1015,13638,0,0,0,1
21:12:56,103.00,1015,13638,0,0,0,1
21:12:58,103.00,1015,13638,0,0,0,1
21:13:00,103.00,1015,13638,0,0,0,1
21:13:03,103.00,1015,13638,0,0,0,1
21:13:05,103.00,1015,13638,0,0,0,1
21:13:07,103.00,1015,13638,0,0,0,1
21:13:09,103.00,1015,13638,0,0,0,1
21:13:11,103.00,1015,13638,0,0,0,1
21:13:14,102.00,1015,13638,0,0,0,1
21:13:16,103.00,1015,13638,0,0,0,1
21:13:18,103.00,1015,13638,0,0,0,1
21:13:20,103.00,1015,13638,0,0,0,1
21:13:23,102.00,1015,13638,0,0,0,1
21:13:25,102.00,1015,13638,0,0,0,1
21:13:27,102.00,1015,13638,0,0,0,1
21:13:29,103.00,1015,13638,0,0,0,1
21:13:32,102.00,1015,13638,0,0,0,1
21:13:34,102.00,1015,13638,0,0,0,1
21:13:36,102.00,1015,13638,0,0,0,1
21:13:38,102.00,1015,13638,0,0,0,1
21:13:41,102.00,1015,13638,0,0,0,1
21:13:43,102.00,1015,13638,0,0,0,1
21:13:45,102.00,1015,13638,0,0,0,1
21:13:47,102.00,1015,13638,0,0,0,1
21:13:50,102.00,1015,13638,0,0,0,1
21:13:52,102.00,1015,13638,0,0,0,1
21:13:54,102.00,1015,13638,0,0,0,1
21:13:56,102.00,1015,13638,0,0,0,1
21:13:59,102.00,1015,13638,0,0,0,1
21:14:01,102.00,1015,13638,0,0,0,1
21:14:03,102.00,1015,13638,0,0,0,1
21:14:05,102.00,1015,13638,0,0,0,1
21:14:08,102.00,1015,13638,0,0,0,1
21:14:10,102.00,1015,13638,0,0,0,1
21:14:12,102.00,1015,13638,0,0,0,1
21:14:14,102.00,1015,13638,0,0,0,1
21:14:16,102.00,1015,13638,0,0,0,1
21:14:19,102.00,1015,13638,0,0,0,1
21:14:21,102.00,1015,13638,0,0,0,1
21:14:23,102.00,1015,13638,0,0,0,1
21:14:25,102.00,1015,13638,0,0,0,1
21:14:28,102.00,1015,13638,0,0,0,1
21:14:30,102.00,1015,13638,0,0,0,1
21:14:32,102.00,1015,13638,0,0,0,1
21:14:34,102.00,1015,13638,0,0,0,1
21:14:37,102.00,1015,13638,0,0,0,1
21:14:39,102.00,1015,13638,0,0,0,1
21:14:41,102.00,1015,13638,0,0,0,1
21:14:43,102.00,1015,13638,0,0,0,1
21:14:46,102.00,1015,13638,0,0,0,1
21:14:48,102.00,1015,13638,0,0,0,1
21:14:50,102.00,1015,13638,0,0,0,1
21:14:52,102.00,1015,13638,0,0,0,1
21:14:55,102.00,1015,13638,0,0,0,1
21:14:57,102.00,1015,13638,0,0,0,1
21:14:59,102.00,1015,13638,0,0,0,1
21:15:01,102.00,1015,13638,0,0,0,1
21:15:04,102.00,1015,13638,0,0,0,1
21:15:06,102.00,1015,13638,0,0,0,1
21:15:08,102.00,1015,13638,0,0,0,1
21:15:10,102.00,1015,13638,0,0,0,1
21:15:13,102.00,1015,13638,0,0,0,1
21:15:15,102.00,1015,13638,0,0,0,1
21:15:17,102.00,1015,13638,0,0,0,1
21:15:19,102.00,1015,13638,0,0,0,1
21:15:22,102.00,1015,13638,0,0,0,1
21:15:24,102.00,1015,13638,0,0,0,1
21:15:26,102.00,1015,13638,0,0,0,1
21:15:28,102.00,1015,13638,0,0,0,1
21:15:30,102.00,1015,13638,0,0,0,1
21:15:33,102.00,1015,13638,0,0,0,1
21:15:35,102.00,1015,13638,0,0,0,1
21:15:37,102.00,1015,13638,0,0,0,1
21:15:39,102.00,1015,13638,0,0,0,1
21:15:41,102.00,1015,13638,0,0,0,1
21:15:44,102.00,1015,13638,0,0,0,1
21:15:46,102.00,1015,13638,0,0,0,1
21:15:48,102.00,1015,13638,0,0,0,1
21:15:50,102.00,1015,13638,0,0,0,1
21:15:52,102.00,1015,13638,0,0,0,1
21:15:55,102.00,1015,13638,0,0,0,1
21:15:57,102.00,1015,13638,0,0,0,1
21:15:59,102.00,1015,13638,0,0,0,1
21:16:01,102.00,1015,13638,0,0,0,1
21:16:03,102.00,1015,13638,0,0,0,1
21:16:05,102.00,1015,13638,0,0,0,1
21:16:08,102.00,1015,13638,0,0,0,1
21:16:10,102.00,1015,13638,0,0,0,1
21:16:12,102.00,1015,13638,0,0,0,1
21:16:14,102.00,1015,13638,0,0,0,1
21:16:16,102.00,1015,13638,0,0,0,1
21:16:19,102.00,1015,13638,0,0,0,1
21:16:21,102.00,1015,13638,0,0,0,1
21:16:23,102.00,1015,13638,0,0,0,1
21:16:25,102.00,1015,13638,0,0,0,1
21:16:27,102.00,1015,13638,0,0,0,1
21:16:30,102.00,1015,13638,0,0,0,1
21:16:32,102.00,1015,13638,0,0,0,1
21:16:34,102.00,1015,13638,0,0,0,1
21:16:36,102.00,1015,13638,0,0,0,1
21:16:38,102.00,1015,13638,0,0,0,1
21:16:40,102.00,1015,13638,0,0,0,1
21:16:43,102.00,1015,13638,0,0,0,1
21:16:45,102.00,1015,13638,0,0,0,1
21:16:47,102.00,1015,13638,0,0,0,1
21:16:49,102.00,1015,13638,0,0,0,1
21:16:51,102.00,1015,13638,0,0,0,1
21:16:54,102.00,1015,13638,0,0,0,1
21:16:56,102.00,1015,13638,0,0,0,1
21:16:58,102.00,1015,13638,0,0,0,1
21:17:00,102.00,1015,13638,0,0,0,1
21:17:02,102.00,1015,13638,0,0,0,1
21:17:04,102.00,1015,13638,0,0,0,1
21:17:07,102.00,1015,13638,0,0,0,1
21:17:09,102.00,1015,13638,0,0,0,1
21:17:11,102.00,1015,13638,0,0,0,1
21:17:13,102.00,1015,13638,0,0,0,1
21:17:15,102.00,1015,13638,0,0,0,1
21:17:18,102.00,1015,13638,0,0,0,1
21:17:20,102.00,1015,13638,0,0,0,1
21:17:22,102.00,1015,13638,0,0,0,1
21:17:24,102.00,1015,13638,0,0,0,1
21:17:26,102.00,1015,13638,0,0,0,1
21:17:28,102.00,1015,13638,0,0,0,1
21:17:31,101.00,1015,13638,0,0,0,1
21:17:33,101.00,1015,13638,0,0,0,1
21:17:35,102.00,1015,13638,0,0,0,1
21:17:37,102.00,1015,13638,0,0,0,1
21:17:39,102.00,1015,13638,0,0,0,1
21:17:42,101.00,1015,13638,0,0,0,1
21:17:44,101.00,1015,13638,0,0,0,1
21:17:46,101.00,1015,13638,0,0,0,1
21:17:48,101.00,1016,13638,0,0,0,1
21:17:50,101.00,1016,13638,0,0,0,1
21:17:53,102.00,1016,13638,0,0,0,1
21:17:55,101.00,1016,13638,0,0,0,1
21:17:57,101.00,1016,13638,0,0,0,1
21:17:59,101.00,1016,13638,0,0,0,1
21:18:01,101.00,1016,13638,0,0,0,1
21:18:03,101.00,1016,13638,0,0,0,1
21:18:06,101.00,1016,13638,0,0,0,1
21:18:08,101.00,1016,13638,0,0,0,1
21:18:10,101.00,1016,13638,0,0,0,1
21:18:12,101.00,1016,13638,0,0,0,1
21:18:14,101.00,1016,13638,0,0,0,1
21:18:17,101.00,1016,13638,0,0,0,1
21:18:19,101.00,1016,13638,0,0,0,1
21:18:21,101.00,1016,13638,0,0,0,1
21:18:23,101.00,1016,13638,0,0,0,1
21:18:25,101.00,1016,13638,0,0,0,1
21:18:27,101.00,1016,13638,0,0,0,1
21:18:30,101.00,1016,13638,0,0,0,1
21:18:32,101.00,1016,13638,0,0,0,1
21:18:34,101.00,1016,13638,0,0,0,1
21:18:36,101.00,1016,13638,0,0,0,1
21:18:38,101.00,1016,13638,0,0,0,1
21:18:41,101.00,1016,13638,0,0,0,1
21:18:43,101.00,1016,13638,0,0,0,1
21:18:45,101.00,1016,13638,0,0,0,1
21:18:47,101.00,1016,13638,0,0,0,1
21:18:49,101.00,1016,13638,0,0,0,1
21:18:51,101.00,1016,13638,0,0,0,1
21:18:54,101.00,1016,13638,0,0,0,1
21:18:56,101.00,1016,13638,0,0,0,1
21:18:58,101.00,1016,13638,0,0,0,1
21:19:00,101.00,1016,13638,0,0,0,1
21:19:02,101.00,1016,13638,0,0,0,1
21:19:04,101.00,1016,13638,0,0,0,1
21:19:07,101.00,1016,13638,0,0,0,1
21:19:09,101.00,1016,13638,0,0,0,1
21:19:11,101.00,1016,13638,0,0,0,1
21:19:13,101.00,1016,13638,0,0,0,1
21:19:15,101.00,1016,13638,0,0,0,1
21:19:18,101.00,1016,13638,0,0,0,1
21:19:20,101.00,1016,13638,0,0,0,1
21:19:22,101.00,1016,13638,0,0,0,1
21:19:24,101.00,1016,13638,0,0,0,1
21:19:26,101.00,1016,13638,0,0,0,1
21:19:29,101.00,1016,13638,0,0,0,1
21:19:31,101.00,1016,13638,0,0,0,1
21:19:33,101.00,1016,13638,0,0,0,1
21:19:35,101.00,1016,13638,0,0,0,1
21:19:38,101.00,1016,13638,0,0,0,1
21:19:40,101.00,1016,13638,0,0,0,1
21:19:42,101.00,1016,13638,0,0,0,1
21:19:44,101.00,1016,13638,0,0,0,1
21:19:46,101.00,1016,13638,0,0,0,1
21:19:49,101.00,1016,13638,0,0,0,1
21:19:51,101.00,1016,13638,0,0,0,1
21:19:53,101.00,1016,13638,0,0,0,1
21:19:55,101.00,1016,13638,0,0,0,1
21:19:58,101.00,1016,13638,0,0,0,1
21:20:00,101.00,1016,13638,0,0,0,1
21:20:02,101.00,1016,13638,0,0,0,1
21:20:04,101.00,1016,13638,0,0,0,1
21:20:07,101.00,1016,13638,0,0,0,1
21:20:09,101.00,1016,13638,0,0,0,1
21:20:11,101.00,1016,13638,0,0,0,1
21:20:13,101.00,1016,13638,0,0,0,1
21:20:16,101.00,1016,13638,0,0,0,1
21:20:18,101.00,1016,13638,0,0,0,1
21:20:20,101.00,1016,13638,0,0,0,1
21:20:22,101.00,1016,13638,0,0,0,1
21:20:25,101.00,1016,13638,0,0,0,1
21:20:27,101.00,1016,13638,0,0,0,1
21:20:29,101.00,1016,13638,0,0,0,1
21:20:31,101.00,1016,13638,0,0,0,1
21:20:34,101.00,1016,13638,0,0,0,1
21:20:36,101.00,1016,13638,0,0,0,1
21:20:38,101.00,1016,13638,0,0,0,1
21:20:40,101.00,1016,13638,0,0,0,1
21:20:43,101.00,1016,13638,0,0,0,1
21:20:45,101.00,1016,13638,0,0,0,1
21:20:47,101.00,1016,13638,0,0,0,1
21:20:49,101.00,1016,13638,0,0,0,1
21:20:52,101.00,1016,13638,0,0,0,1
21:20:54,101.00,1016,13638,0,0,0,1

=== Resource Usage Statistics ===
Sample Count: 471
Average CPU Usage: 111.38%
Peak CPU Usage: 590.00%
Average Host Memory Usage: 1013.11MB
Peak Host Memory Usage: 1016MB
Average GPU Memory Usage: 12888.52MB
Peak GPU Memory Usage: 13638MB
Average NPU Memory Usage: 0.00MB
Peak NPU Memory Usage: 0MB
Average NPU HBM Usage: 0.00MB
Peak NPU HBM Usage: 0MB
Average NPU AICore Usage: 0.00%
Peak NPU AICore Usage: 0.00%
Maximum Process Count: 1
[0;32m[2025-10-27 21:20:56][0m Program run completed
[0;32m[2025-10-27 21:20:56][0m Run Time: 0 hours 17 minutes 26 seconds
[0;32m[2025-10-27 21:20:56][0m Exit Code: 0
[0;32m[2025-10-27 21:20:56][0m Detailed Log: monitor_ESM-long_FT_predict.py_20251027_210330.log
