[0;32m[2025-10-28 01:21:05][0m Starting program monitoring: python MP-Trans_pred.py ./MP-Trans_new_dig/Merge_DB_HNCasGH_M801S1Up.p80.fa 0
[0;32m[2025-10-28 01:21:05][0m Log file: monitor_MP-Trans_pred.py_20251028_012105.log
=== System Information ===
Hostname: 52bbee6533e3
Start Time: Tue Oct 28 01:21:05 UTC 2025

=== Testing NPU Parsing ===
Testing NPU 0:
Parsed info: 0 608 1
AICore: 0%
Memory: 608MB
HBM: 1MB

Current npu-smi output for NPU 0:
| 0     910B           | OK            | 70.5        39                15   / 15            |
| 0                    | 0000:C1:00.0  | 0           608  / 15137      1    / 32766         |

Exact usage line for NPU 0:
| 0                    | 0000:C1:00.0  | 0           608  / 15137      1    / 32766         |

[0;32m[2025-10-28 01:21:07][0m Starting program...
=== Program Output ===
[0;32m[2025-10-28 01:21:07][0m Program started with PID: 3596981
[0;32m[2025-10-28 01:21:10][0m CPU: 109.00%, Host Memory: 77MB, GPU: N/AMB, NPU Memory: 608MB, NPU HBM: 1MB, AICore: 0%
[0;32m[2025-10-28 01:21:18][0m CPU: 24.20%, Host Memory: 77MB, GPU: N/AMB, NPU Memory: 613MB, NPU HBM: 30707MB, AICore: 0%
[0;32m[2025-10-28 01:21:25][0m CPU: 13.60%, Host Memory: 77MB, GPU: N/AMB, NPU Memory: 613MB, NPU HBM: 30707MB, AICore: 0%
[0;32m[2025-10-28 01:21:32][0m CPU: 9.40%, Host Memory: 77MB, GPU: N/AMB, NPU Memory: 613MB, NPU HBM: 30709MB, AICore: 0%
[0;32m[2025-10-28 01:21:39][0m CPU: 7.00%, Host Memory: 77MB, GPU: N/AMB, NPU Memory: 614MB, NPU HBM: 30711MB, AICore: 29%
[0;32m[2025-10-28 01:21:47][0m CPU: 5.70%, Host Memory: 77MB, GPU: N/AMB, NPU Memory: 614MB, NPU HBM: 30711MB, AICore: 29%
[0;32m[2025-10-28 01:21:54][0m CPU: 4.80%, Host Memory: 77MB, GPU: N/AMB, NPU Memory: 614MB, NPU HBM: 30711MB, AICore: 25%
[0;32m[2025-10-28 01:22:01][0m CPU: 4.10%, Host Memory: 77MB, GPU: N/AMB, NPU Memory: 614MB, NPU HBM: 30711MB, AICore: 25%
[0;32m[2025-10-28 01:22:09][0m CPU: 3.60%, Host Memory: 77MB, GPU: N/AMB, NPU Memory: 614MB, NPU HBM: 30711MB, AICore: 27%
[0;32m[2025-10-28 01:22:16][0m CPU: 3.20%, Host Memory: 77MB, GPU: N/AMB, NPU Memory: 614MB, NPU HBM: 30711MB, AICore: 28%
[0;32m[2025-10-28 01:22:23][0m CPU: 2.90%, Host Memory: 77MB, GPU: N/AMB, NPU Memory: 614MB, NPU HBM: 30711MB, AICore: 25%
[0;32m[2025-10-28 01:22:29][0m CPU: 2.60%, Host Memory: 77MB, GPU: N/AMB, NPU Memory: 614MB, NPU HBM: 30711MB, AICore: 31%
[0;32m[2025-10-28 01:22:36][0m CPU: 2.40%, Host Memory: 77MB, GPU: N/AMB, NPU Memory: 614MB, NPU HBM: 30711MB, AICore: 30%
[0;32m[2025-10-28 01:22:43][0m CPU: 2.30%, Host Memory: 77MB, GPU: N/AMB, NPU Memory: 614MB, NPU HBM: 30711MB, AICore: 26%
[0;32m[2025-10-28 01:22:51][0m CPU: 2.10%, Host Memory: 76MB, GPU: N/AMB, NPU Memory: 608MB, NPU HBM: 2MB, AICore: 0%
[0;32m[2025-10-28 01:22:58][0m CPU: 2.00%, Host Memory: 77MB, GPU: N/AMB, NPU Memory: 616MB, NPU HBM: 24MB, AICore: 0%
[0;32m[2025-10-28 01:23:05][0m CPU: 1.80%, Host Memory: 77MB, GPU: N/AMB, NPU Memory: 613MB, NPU HBM: 30708MB, AICore: 0%
[0;32m[2025-10-28 01:23:12][0m CPU: 1.70%, Host Memory: 77MB, GPU: N/AMB, NPU Memory: 613MB, NPU HBM: 30708MB, AICore: 0%
[0;32m[2025-10-28 01:23:19][0m CPU: 1.60%, Host Memory: 77MB, GPU: N/AMB, NPU Memory: 613MB, NPU HBM: 30712MB, AICore: 26%
[0;32m[2025-10-28 01:23:25][0m CPU: 1.50%, Host Memory: 77MB, GPU: N/AMB, NPU Memory: 613MB, NPU HBM: 30712MB, AICore: 28%
[0;32m[2025-10-28 01:23:32][0m CPU: 1.50%, Host Memory: 77MB, GPU: N/AMB, NPU Memory: 613MB, NPU HBM: 30712MB, AICore: 29%
[0;32m[2025-10-28 01:23:39][0m CPU: 1.40%, Host Memory: 77MB, GPU: N/AMB, NPU Memory: 613MB, NPU HBM: 30712MB, AICore: 28%
[0;32m[2025-10-28 01:23:46][0m CPU: 1.30%, Host Memory: 77MB, GPU: N/AMB, NPU Memory: 613MB, NPU HBM: 30712MB, AICore: 26%
[0;32m[2025-10-28 01:23:53][0m CPU: 1.30%, Host Memory: 77MB, GPU: N/AMB, NPU Memory: 613MB, NPU HBM: 30712MB, AICore: 26%
[0;32m[2025-10-28 01:24:00][0m CPU: 1.20%, Host Memory: 77MB, GPU: N/AMB, NPU Memory: 613MB, NPU HBM: 30712MB, AICore: 27%
[0;32m[2025-10-28 01:24:07][0m CPU: 1.20%, Host Memory: 77MB, GPU: N/AMB, NPU Memory: 613MB, NPU HBM: 30712MB, AICore: 26%
[0;32m[2025-10-28 01:24:14][0m CPU: 1.10%, Host Memory: 77MB, GPU: N/AMB, NPU Memory: 613MB, NPU HBM: 30712MB, AICore: 25%
[0;32m[2025-10-28 01:24:20][0m CPU: 1.10%, Host Memory: 77MB, GPU: N/AMB, NPU Memory: 613MB, NPU HBM: 30712MB, AICore: 28%
[0;32m[2025-10-28 01:24:27][0m CPU: 1.10%, Host Memory: 77MB, GPU: N/AMB, NPU Memory: 613MB, NPU HBM: 30712MB, AICore: 27%
[0;32m[2025-10-28 01:24:35][0m CPU: 1.00%, Host Memory: 76MB, GPU: N/AMB, NPU Memory: 608MB, NPU HBM: 3MB, AICore: 0%
[0;32m[2025-10-28 01:24:42][0m CPU: 1.00%, Host Memory: 77MB, GPU: N/AMB, NPU Memory: 613MB, NPU HBM: 25MB, AICore: 0%
[0;32m[2025-10-28 01:24:49][0m CPU: 0.90%, Host Memory: 77MB, GPU: N/AMB, NPU Memory: 613MB, NPU HBM: 30708MB, AICore: 0%
[0;32m[2025-10-28 01:24:57][0m CPU: 0.90%, Host Memory: 77MB, GPU: N/AMB, NPU Memory: 613MB, NPU HBM: 30708MB, AICore: 0%
[0;32m[2025-10-28 01:25:04][0m CPU: 0.90%, Host Memory: 77MB, GPU: N/AMB, NPU Memory: 614MB, NPU HBM: 30712MB, AICore: 25%
[0;32m[2025-10-28 01:25:11][0m CPU: 0.90%, Host Memory: 77MB, GPU: N/AMB, NPU Memory: 614MB, NPU HBM: 30712MB, AICore: 25%
[0;32m[2025-10-28 01:25:18][0m CPU: 0.80%, Host Memory: 77MB, GPU: N/AMB, NPU Memory: 614MB, NPU HBM: 30712MB, AICore: 28%
[0;32m[2025-10-28 01:25:26][0m CPU: 0.80%, Host Memory: 77MB, GPU: N/AMB, NPU Memory: 614MB, NPU HBM: 30712MB, AICore: 29%
[0;32m[2025-10-28 01:25:33][0m CPU: 0.80%, Host Memory: 77MB, GPU: N/AMB, NPU Memory: 614MB, NPU HBM: 30712MB, AICore: 28%
[0;32m[2025-10-28 01:25:40][0m CPU: 0.80%, Host Memory: 77MB, GPU: N/AMB, NPU Memory: 614MB, NPU HBM: 30712MB, AICore: 26%
[0;32m[2025-10-28 01:25:48][0m CPU: 0.70%, Host Memory: 77MB, GPU: N/AMB, NPU Memory: 614MB, NPU HBM: 30712MB, AICore: 30%
[0;32m[2025-10-28 01:25:55][0m CPU: 0.70%, Host Memory: 77MB, GPU: N/AMB, NPU Memory: 614MB, NPU HBM: 30712MB, AICore: 28%
[0;32m[2025-10-28 01:26:02][0m CPU: 0.70%, Host Memory: 77MB, GPU: N/AMB, NPU Memory: 614MB, NPU HBM: 30712MB, AICore: 25%
[0;32m[2025-10-28 01:26:09][0m CPU: 0.70%, Host Memory: 77MB, GPU: N/AMB, NPU Memory: 614MB, NPU HBM: 30712MB, AICore: 27%
[0;32m[2025-10-28 01:26:16][0m CPU: 0.70%, Host Memory: 77MB, GPU: N/AMB, NPU Memory: 613MB, NPU HBM: 3MB, AICore: 0%
[0;32m[2025-10-28 01:26:23][0m CPU: 0.60%, Host Memory: 77MB, GPU: N/AMB, NPU Memory: 608MB, NPU HBM: 3MB, AICore: 0%
[0;32m[2025-10-28 01:26:30][0m CPU: 0.60%, Host Memory: 77MB, GPU: N/AMB, NPU Memory: 613MB, NPU HBM: 30708MB, AICore: 0%
[0;32m[2025-10-28 01:26:37][0m CPU: 0.60%, Host Memory: 77MB, GPU: N/AMB, NPU Memory: 613MB, NPU HBM: 30708MB, AICore: 0%
[0;32m[2025-10-28 01:26:44][0m CPU: 0.60%, Host Memory: 77MB, GPU: N/AMB, NPU Memory: 613MB, NPU HBM: 30708MB, AICore: 0%
[0;32m[2025-10-28 01:26:51][0m CPU: 0.60%, Host Memory: 77MB, GPU: N/AMB, NPU Memory: 613MB, NPU HBM: 30712MB, AICore: 31%
[0;32m[2025-10-28 01:26:58][0m CPU: 0.60%, Host Memory: 77MB, GPU: N/AMB, NPU Memory: 613MB, NPU HBM: 30712MB, AICore: 25%
[0;32m[2025-10-28 01:27:05][0m CPU: 0.60%, Host Memory: 77MB, GPU: N/AMB, NPU Memory: 613MB, NPU HBM: 30712MB, AICore: 25%
[0;32m[2025-10-28 01:27:12][0m CPU: 0.60%, Host Memory: 77MB, GPU: N/AMB, NPU Memory: 613MB, NPU HBM: 30712MB, AICore: 27%
[0;32m[2025-10-28 01:27:19][0m CPU: 0.50%, Host Memory: 77MB, GPU: N/AMB, NPU Memory: 613MB, NPU HBM: 30712MB, AICore: 29%
[0;32m[2025-10-28 01:27:26][0m CPU: 0.50%, Host Memory: 77MB, GPU: N/AMB, NPU Memory: 613MB, NPU HBM: 30712MB, AICore: 25%
[0;32m[2025-10-28 01:27:33][0m CPU: 0.50%, Host Memory: 77MB, GPU: N/AMB, NPU Memory: 613MB, NPU HBM: 30712MB, AICore: 26%
[0;32m[2025-10-28 01:27:40][0m CPU: 0.50%, Host Memory: 77MB, GPU: N/AMB, NPU Memory: 613MB, NPU HBM: 30712MB, AICore: 27%
[0;32m[2025-10-28 01:27:47][0m CPU: 0.50%, Host Memory: 77MB, GPU: N/AMB, NPU Memory: 613MB, NPU HBM: 30712MB, AICore: 27%
[0;32m[2025-10-28 01:27:54][0m CPU: 0.50%, Host Memory: 77MB, GPU: N/AMB, NPU Memory: 613MB, NPU HBM: 30712MB, AICore: 27%
[0;32m[2025-10-28 01:28:01][0m CPU: 0.50%, Host Memory: 77MB, GPU: N/AMB, NPU Memory: 608MB, NPU HBM: 3MB, AICore: 0%
[0;32m[2025-10-28 01:28:08][0m CPU: 0.50%, Host Memory: 77MB, GPU: N/AMB, NPU Memory: 608MB, NPU HBM: 2MB, AICore: 0%
[0;32m[2025-10-28 01:28:15][0m CPU: 0.50%, Host Memory: 77MB, GPU: N/AMB, NPU Memory: 613MB, NPU HBM: 30708MB, AICore: 0%
[0;32m[2025-10-28 01:28:22][0m CPU: 0.50%, Host Memory: 77MB, GPU: N/AMB, NPU Memory: 613MB, NPU HBM: 30708MB, AICore: 0%
[0;32m[2025-10-28 01:28:30][0m CPU: 0.40%, Host Memory: 77MB, GPU: N/AMB, NPU Memory: 613MB, NPU HBM: 30708MB, AICore: 0%
[0;32m[2025-10-28 01:28:37][0m CPU: 0.40%, Host Memory: 77MB, GPU: N/AMB, NPU Memory: 614MB, NPU HBM: 30711MB, AICore: 29%
[0;32m[2025-10-28 01:28:44][0m CPU: 0.40%, Host Memory: 77MB, GPU: N/AMB, NPU Memory: 614MB, NPU HBM: 30711MB, AICore: 27%
[0;32m[2025-10-28 01:28:51][0m CPU: 0.40%, Host Memory: 77MB, GPU: N/AMB, NPU Memory: 614MB, NPU HBM: 30711MB, AICore: 25%
[0;32m[2025-10-28 01:28:58][0m CPU: 0.40%, Host Memory: 77MB, GPU: N/AMB, NPU Memory: 614MB, NPU HBM: 30711MB, AICore: 29%
[0;32m[2025-10-28 01:29:05][0m CPU: 0.40%, Host Memory: 77MB, GPU: N/AMB, NPU Memory: 614MB, NPU HBM: 30711MB, AICore: 31%
[0;32m[2025-10-28 01:29:12][0m CPU: 0.40%, Host Memory: 77MB, GPU: N/AMB, NPU Memory: 615MB, NPU HBM: 30711MB, AICore: 28%
[0;32m[2025-10-28 01:29:18][0m CPU: 0.40%, Host Memory: 77MB, GPU: N/AMB, NPU Memory: 614MB, NPU HBM: 30711MB, AICore: 30%
[0;32m[2025-10-28 01:29:25][0m CPU: 0.40%, Host Memory: 77MB, GPU: N/AMB, NPU Memory: 614MB, NPU HBM: 30711MB, AICore: 31%
[0;32m[2025-10-28 01:29:32][0m CPU: 0.40%, Host Memory: 77MB, GPU: N/AMB, NPU Memory: 614MB, NPU HBM: 30711MB, AICore: 27%
[0;32m[2025-10-28 01:29:39][0m CPU: 0.40%, Host Memory: 77MB, GPU: N/AMB, NPU Memory: 614MB, NPU HBM: 30711MB, AICore: 29%
[0;32m[2025-10-28 01:29:47][0m CPU: 0.40%, Host Memory: 77MB, GPU: N/AMB, NPU Memory: 608MB, NPU HBM: 3MB, AICore: 0%
[0;32m[2025-10-28 01:29:54][0m CPU: 0.40%, Host Memory: 77MB, GPU: N/AMB, NPU Memory: 608MB, NPU HBM: 3MB, AICore: 0%
[0;32m[2025-10-28 01:30:01][0m CPU: 0.40%, Host Memory: 77MB, GPU: N/AMB, NPU Memory: 612MB, NPU HBM: 30708MB, AICore: 0%
[0;32m[2025-10-28 01:30:08][0m CPU: 0.40%, Host Memory: 77MB, GPU: N/AMB, NPU Memory: 612MB, NPU HBM: 30708MB, AICore: 0%
[0;32m[2025-10-28 01:30:15][0m CPU: 0.40%, Host Memory: 77MB, GPU: N/AMB, NPU Memory: 612MB, NPU HBM: 30712MB, AICore: 30%
[0;32m[2025-10-28 01:30:21][0m CPU: 0.30%, Host Memory: 77MB, GPU: N/AMB, NPU Memory: 613MB, NPU HBM: 30712MB, AICore: 28%
[0;32m[2025-10-28 01:30:28][0m CPU: 0.30%, Host Memory: 77MB, GPU: N/AMB, NPU Memory: 613MB, NPU HBM: 30712MB, AICore: 29%
[0;32m[2025-10-28 01:30:35][0m CPU: 0.30%, Host Memory: 77MB, GPU: N/AMB, NPU Memory: 613MB, NPU HBM: 30712MB, AICore: 30%
[0;32m[2025-10-28 01:30:42][0m CPU: 0.30%, Host Memory: 77MB, GPU: N/AMB, NPU Memory: 613MB, NPU HBM: 30712MB, AICore: 30%
[0;32m[2025-10-28 01:30:49][0m CPU: 0.30%, Host Memory: 77MB, GPU: N/AMB, NPU Memory: 613MB, NPU HBM: 30712MB, AICore: 25%
[0;32m[2025-10-28 01:30:56][0m CPU: 0.30%, Host Memory: 77MB, GPU: N/AMB, NPU Memory: 613MB, NPU HBM: 30712MB, AICore: 25%
[0;32m[2025-10-28 01:31:03][0m CPU: 0.30%, Host Memory: 77MB, GPU: N/AMB, NPU Memory: 613MB, NPU HBM: 30712MB, AICore: 30%
[0;32m[2025-10-28 01:31:09][0m CPU: 0.30%, Host Memory: 77MB, GPU: N/AMB, NPU Memory: 613MB, NPU HBM: 30712MB, AICore: 28%
[0;32m[2025-10-28 01:31:16][0m CPU: 0.30%, Host Memory: 77MB, GPU: N/AMB, NPU Memory: 613MB, NPU HBM: 30712MB, AICore: 26%
[0;32m[2025-10-28 01:31:23][0m CPU: 0.30%, Host Memory: 77MB, GPU: N/AMB, NPU Memory: 613MB, NPU HBM: 30712MB, AICore: 31%
[0;32m[2025-10-28 01:31:31][0m CPU: 0.30%, Host Memory: 77MB, GPU: N/AMB, NPU Memory: 612MB, NPU HBM: 3MB, AICore: 0%
[0;32m[2025-10-28 01:31:37][0m CPU: 0.30%, Host Memory: 77MB, GPU: N/AMB, NPU Memory: 608MB, NPU HBM: 3MB, AICore: 0%
[0;32m[2025-10-28 01:31:44][0m CPU: 0.30%, Host Memory: 77MB, GPU: N/AMB, NPU Memory: 613MB, NPU HBM: 30708MB, AICore: 0%
[0;32m[2025-10-28 01:31:51][0m CPU: 0.30%, Host Memory: 77MB, GPU: N/AMB, NPU Memory: 612MB, NPU HBM: 30708MB, AICore: 0%
[0;32m[2025-10-28 01:31:58][0m CPU: 0.30%, Host Memory: 77MB, GPU: N/AMB, NPU Memory: 612MB, NPU HBM: 30708MB, AICore: 0%
[0;32m[2025-10-28 01:32:05][0m CPU: 0.30%, Host Memory: 77MB, GPU: N/AMB, NPU Memory: 613MB, NPU HBM: 30712MB, AICore: 27%
[0;32m[2025-10-28 01:32:12][0m CPU: 0.30%, Host Memory: 77MB, GPU: N/AMB, NPU Memory: 613MB, NPU HBM: 30712MB, AICore: 25%
[0;32m[2025-10-28 01:32:19][0m CPU: 0.30%, Host Memory: 77MB, GPU: N/AMB, NPU Memory: 613MB, NPU HBM: 30712MB, AICore: 26%
[0;32m[2025-10-28 01:32:26][0m CPU: 0.30%, Host Memory: 77MB, GPU: N/AMB, NPU Memory: 613MB, NPU HBM: 30712MB, AICore: 30%
[0;32m[2025-10-28 01:32:33][0m CPU: 0.30%, Host Memory: 77MB, GPU: N/AMB, NPU Memory: 613MB, NPU HBM: 30712MB, AICore: 27%
[0;32m[2025-10-28 01:32:40][0m CPU: 0.30%, Host Memory: 77MB, GPU: N/AMB, NPU Memory: 613MB, NPU HBM: 30712MB, AICore: 29%
[0;32m[2025-10-28 01:32:46][0m CPU: 0.30%, Host Memory: 77MB, GPU: N/AMB, NPU Memory: 613MB, NPU HBM: 30712MB, AICore: 29%
[0;32m[2025-10-28 01:32:53][0m CPU: 0.30%, Host Memory: 77MB, GPU: N/AMB, NPU Memory: 613MB, NPU HBM: 30712MB, AICore: 26%
[0;32m[2025-10-28 01:33:00][0m CPU: 0.30%, Host Memory: 77MB, GPU: N/AMB, NPU Memory: 613MB, NPU HBM: 30712MB, AICore: 25%
[0;32m[2025-10-28 01:33:07][0m CPU: 0.30%, Host Memory: 77MB, GPU: N/AMB, NPU Memory: 613MB, NPU HBM: 30712MB, AICore: 27%
[0;32m[2025-10-28 01:33:15][0m CPU: 0.30%, Host Memory: 77MB, GPU: N/AMB, NPU Memory: 613MB, NPU HBM: 28MB, AICore: 0%
[0;32m[2025-10-28 01:33:22][0m CPU: 0.20%, Host Memory: 77MB, GPU: N/AMB, NPU Memory: 608MB, NPU HBM: 3MB, AICore: 0%
[0;32m[2025-10-28 01:33:29][0m CPU: 0.20%, Host Memory: 77MB, GPU: N/AMB, NPU Memory: 612MB, NPU HBM: 30708MB, AICore: 0%
[0;32m[2025-10-28 01:33:36][0m CPU: 0.20%, Host Memory: 77MB, GPU: N/AMB, NPU Memory: 613MB, NPU HBM: 30708MB, AICore: 0%
[0;32m[2025-10-28 01:33:43][0m CPU: 0.20%, Host Memory: 77MB, GPU: N/AMB, NPU Memory: 613MB, NPU HBM: 30708MB, AICore: 0%
[0;32m[2025-10-28 01:33:50][0m CPU: 0.20%, Host Memory: 77MB, GPU: N/AMB, NPU Memory: 613MB, NPU HBM: 30712MB, AICore: 29%
[0;32m[2025-10-28 01:33:57][0m CPU: 0.20%, Host Memory: 77MB, GPU: N/AMB, NPU Memory: 613MB, NPU HBM: 30712MB, AICore: 29%
[0;32m[2025-10-28 01:34:05][0m CPU: 0.20%, Host Memory: 77MB, GPU: N/AMB, NPU Memory: 613MB, NPU HBM: 30712MB, AICore: 29%
[0;32m[2025-10-28 01:34:12][0m CPU: 0.20%, Host Memory: 77MB, GPU: N/AMB, NPU Memory: 614MB, NPU HBM: 30712MB, AICore: 27%
[0;32m[2025-10-28 01:34:19][0m CPU: 0.20%, Host Memory: 77MB, GPU: N/AMB, NPU Memory: 615MB, NPU HBM: 30712MB, AICore: 28%
[0;32m[2025-10-28 01:34:26][0m CPU: 0.20%, Host Memory: 77MB, GPU: N/AMB, NPU Memory: 614MB, NPU HBM: 30712MB, AICore: 25%
[0;32m[2025-10-28 01:34:34][0m CPU: 0.20%, Host Memory: 77MB, GPU: N/AMB, NPU Memory: 614MB, NPU HBM: 30712MB, AICore: 28%
[0;32m[2025-10-28 01:34:41][0m CPU: 0.20%, Host Memory: 77MB, GPU: N/AMB, NPU Memory: 614MB, NPU HBM: 30712MB, AICore: 29%
[0;32m[2025-10-28 01:34:48][0m CPU: 0.20%, Host Memory: 77MB, GPU: N/AMB, NPU Memory: 614MB, NPU HBM: 30712MB, AICore: 27%
[0;32m[2025-10-28 01:34:56][0m CPU: 0.20%, Host Memory: 77MB, GPU: N/AMB, NPU Memory: 614MB, NPU HBM: 30712MB, AICore: 26%
[0;32m[2025-10-28 01:35:04][0m CPU: 0.20%, Host Memory: 76MB, GPU: N/AMB, NPU Memory: 609MB, NPU HBM: 2MB, AICore: 0%
[0;32m[2025-10-28 01:35:12][0m CPU: 0.20%, Host Memory: 77MB, GPU: N/AMB, NPU Memory: 608MB, NPU HBM: 2MB, AICore: 0%
[0;32m[2025-10-28 01:35:19][0m CPU: 0.20%, Host Memory: 77MB, GPU: N/AMB, NPU Memory: 613MB, NPU HBM: 30708MB, AICore: 0%
[0;32m[2025-10-28 01:35:26][0m CPU: 0.20%, Host Memory: 77MB, GPU: N/AMB, NPU Memory: 612MB, NPU HBM: 30708MB, AICore: 0%
[0;32m[2025-10-28 01:35:33][0m CPU: 0.20%, Host Memory: 77MB, GPU: N/AMB, NPU Memory: 613MB, NPU HBM: 30712MB, AICore: 29%
[0;32m[2025-10-28 01:35:40][0m CPU: 0.20%, Host Memory: 77MB, GPU: N/AMB, NPU Memory: 613MB, NPU HBM: 30712MB, AICore: 28%
[0;32m[2025-10-28 01:35:47][0m CPU: 0.20%, Host Memory: 77MB, GPU: N/AMB, NPU Memory: 613MB, NPU HBM: 30712MB, AICore: 25%
[0;32m[2025-10-28 01:35:54][0m CPU: 0.20%, Host Memory: 77MB, GPU: N/AMB, NPU Memory: 613MB, NPU HBM: 30712MB, AICore: 27%
[0;32m[2025-10-28 01:36:00][0m CPU: 0.20%, Host Memory: 77MB, GPU: N/AMB, NPU Memory: 613MB, NPU HBM: 30712MB, AICore: 28%
[0;32m[2025-10-28 01:36:07][0m CPU: 0.20%, Host Memory: 77MB, GPU: N/AMB, NPU Memory: 613MB, NPU HBM: 30712MB, AICore: 30%
[0;32m[2025-10-28 01:36:14][0m CPU: 0.20%, Host Memory: 77MB, GPU: N/AMB, NPU Memory: 613MB, NPU HBM: 30712MB, AICore: 29%
[0;32m[2025-10-28 01:36:21][0m CPU: 0.20%, Host Memory: 77MB, GPU: N/AMB, NPU Memory: 613MB, NPU HBM: 30712MB, AICore: 26%
[0;32m[2025-10-28 01:36:28][0m CPU: 0.20%, Host Memory: 77MB, GPU: N/AMB, NPU Memory: 613MB, NPU HBM: 30712MB, AICore: 30%
[0;32m[2025-10-28 01:36:35][0m CPU: 0.20%, Host Memory: 77MB, GPU: N/AMB, NPU Memory: 613MB, NPU HBM: 30712MB, AICore: 27%
[0;32m[2025-10-28 01:36:42][0m CPU: 0.20%, Host Memory: 77MB, GPU: N/AMB, NPU Memory: 613MB, NPU HBM: 30712MB, AICore: 25%
[0;32m[2025-10-28 01:36:50][0m CPU: 0.20%, Host Memory: 77MB, GPU: N/AMB, NPU Memory: 608MB, NPU HBM: 2MB, AICore: 0%
[0;32m[2025-10-28 01:36:57][0m CPU: 0.20%, Host Memory: 77MB, GPU: N/AMB, NPU Memory: 608MB, NPU HBM: 2MB, AICore: 0%
[0;32m[2025-10-28 01:37:04][0m CPU: 0.20%, Host Memory: 77MB, GPU: N/AMB, NPU Memory: 612MB, NPU HBM: 30708MB, AICore: 0%
[0;32m[2025-10-28 01:37:11][0m CPU: 0.20%, Host Memory: 77MB, GPU: N/AMB, NPU Memory: 612MB, NPU HBM: 30708MB, AICore: 0%
[0;32m[2025-10-28 01:37:18][0m CPU: 0.20%, Host Memory: 77MB, GPU: N/AMB, NPU Memory: 612MB, NPU HBM: 30712MB, AICore: 29%
[0;32m[2025-10-28 01:37:24][0m CPU: 0.20%, Host Memory: 77MB, GPU: N/AMB, NPU Memory: 613MB, NPU HBM: 30712MB, AICore: 30%
[0;32m[2025-10-28 01:37:31][0m CPU: 0.20%, Host Memory: 77MB, GPU: N/AMB, NPU Memory: 613MB, NPU HBM: 30712MB, AICore: 27%
[0;32m[2025-10-28 01:37:38][0m CPU: 0.20%, Host Memory: 77MB, GPU: N/AMB, NPU Memory: 613MB, NPU HBM: 30712MB, AICore: 26%
[0;32m[2025-10-28 01:37:45][0m CPU: 0.20%, Host Memory: 77MB, GPU: N/AMB, NPU Memory: 613MB, NPU HBM: 30712MB, AICore: 25%
[0;32m[2025-10-28 01:37:52][0m CPU: 0.20%, Host Memory: 77MB, GPU: N/AMB, NPU Memory: 613MB, NPU HBM: 30712MB, AICore: 29%
[0;32m[2025-10-28 01:37:59][0m CPU: 0.20%, Host Memory: 77MB, GPU: N/AMB, NPU Memory: 613MB, NPU HBM: 30712MB, AICore: 30%
[0;32m[2025-10-28 01:38:07][0m CPU: 0.20%, Host Memory: 77MB, GPU: N/AMB, NPU Memory: 613MB, NPU HBM: 30712MB, AICore: 28%
[0;32m[2025-10-28 01:38:14][0m CPU: 0.20%, Host Memory: 77MB, GPU: N/AMB, NPU Memory: 613MB, NPU HBM: 30712MB, AICore: 31%
[0;32m[2025-10-28 01:38:21][0m CPU: 0.20%, Host Memory: 77MB, GPU: N/AMB, NPU Memory: 613MB, NPU HBM: 30712MB, AICore: 25%
[0;32m[2025-10-28 01:38:29][0m CPU: 0.20%, Host Memory: 77MB, GPU: N/AMB, NPU Memory: 613MB, NPU HBM: 30712MB, AICore: 27%
[0;32m[2025-10-28 01:38:36][0m CPU: 0.20%, Host Memory: 76MB, GPU: N/AMB, NPU Memory: 608MB, NPU HBM: 2MB, AICore: 0%

=== Run Statistics ===
Exit Code: 0
Run Time: 0h 17m 31s
Start Time: 2025-10-28 01:21:07
End Time: 2025-10-28 01:38:38

=== Resource Usage Summary ===
01:21:09,109.00,77,N/A,608,1,0,2
01:21:12,43.60,77,N/A,608,15,0,2
01:21:16,24.20,77,N/A,613,30707,0,2
01:21:20,16.70,77,N/A,613,30707,0,2
01:21:23,13.60,77,N/A,613,30707,0,2
01:21:27,10.90,77,N/A,613,30707,0,2
01:21:30,9.40,77,N/A,613,30709,0,2
01:21:34,8.00,77,N/A,614,30711,28,2
01:21:38,7.00,77,N/A,614,30711,29,2
01:21:41,6.40,77,N/A,614,30711,26,2
01:21:45,5.70,77,N/A,614,30711,29,2
01:21:49,5.10,77,N/A,614,30711,26,2
01:21:52,4.80,77,N/A,614,30711,25,2
01:21:56,4.40,77,N/A,614,30711,25,2
01:22:00,4.10,77,N/A,614,30711,25,2
01:22:03,3.80,77,N/A,614,30711,25,2
01:22:07,3.60,77,N/A,614,30711,27,2
01:22:11,3.40,77,N/A,614,30711,27,2
01:22:14,3.20,77,N/A,614,30711,28,2
01:22:18,3.00,77,N/A,614,30711,28,2
01:22:21,2.90,77,N/A,614,30711,25,2
01:22:25,2.70,77,N/A,614,30711,28,2
01:22:28,2.60,77,N/A,614,30711,31,2
01:22:31,2.50,77,N/A,614,30711,29,2
01:22:35,2.40,77,N/A,614,30711,30,2
01:22:38,2.30,77,N/A,614,30711,26,2
01:22:41,2.30,77,N/A,614,30711,26,2
01:22:45,2.20,77,N/A,613,2,0,2
01:22:50,2.10,76,N/A,608,2,0,2
01:22:53,2.00,77,N/A,608,2,0,2
01:22:56,2.00,77,N/A,616,24,0,2
01:23:00,1.90,77,N/A,613,30708,0,2
01:23:03,1.80,77,N/A,613,30708,0,2
01:23:07,1.80,77,N/A,613,30708,0,2
01:23:10,1.70,77,N/A,613,30708,0,2
01:23:14,1.70,77,N/A,613,30708,0,2
01:23:17,1.60,77,N/A,613,30712,26,2
01:23:21,1.60,77,N/A,613,30712,29,2
01:23:24,1.50,77,N/A,613,30712,28,2
01:23:27,1.50,77,N/A,613,30712,27,2
01:23:31,1.50,77,N/A,613,30712,29,2
01:23:34,1.40,77,N/A,613,30712,28,2
01:23:38,1.40,77,N/A,613,30712,28,2
01:23:41,1.40,77,N/A,613,30712,27,2
01:23:45,1.30,77,N/A,613,30712,26,2
01:23:48,1.30,77,N/A,613,30712,26,2
01:23:51,1.30,77,N/A,613,30712,26,2
01:23:55,1.30,77,N/A,613,30712,25,2
01:23:58,1.20,77,N/A,613,30712,27,2
01:24:02,1.20,77,N/A,613,30712,26,2
01:24:05,1.20,77,N/A,613,30712,26,2
01:24:09,1.20,77,N/A,613,30712,28,2
01:24:12,1.10,77,N/A,613,30712,25,2
01:24:16,1.10,77,N/A,613,30712,27,2
01:24:19,1.10,77,N/A,613,30712,28,2
01:24:22,1.10,77,N/A,613,30712,25,2
01:24:26,1.10,77,N/A,613,30712,27,2
01:24:29,1.00,77,N/A,612,3,0,2
01:24:34,1.00,76,N/A,608,3,0,2
01:24:37,1.00,77,N/A,608,3,0,2
01:24:41,1.00,77,N/A,613,25,0,2
01:24:44,1.00,77,N/A,613,30708,0,2
01:24:48,0.90,77,N/A,613,30708,0,2
01:24:51,0.90,77,N/A,613,30708,0,2
01:24:55,0.90,77,N/A,613,30708,0,2
01:24:59,0.90,77,N/A,613,30708,0,2
01:25:02,0.90,77,N/A,614,30712,25,2
01:25:06,0.90,77,N/A,614,30712,29,2
01:25:09,0.90,77,N/A,614,30712,25,2
01:25:13,0.80,77,N/A,614,30712,26,2
01:25:17,0.80,77,N/A,614,30712,28,2
01:25:20,0.80,77,N/A,614,30712,25,2
01:25:24,0.80,77,N/A,614,30712,29,2
01:25:28,0.80,77,N/A,614,30712,26,2
01:25:31,0.80,77,N/A,614,30712,28,2
01:25:35,0.80,77,N/A,614,30712,25,2
01:25:39,0.80,77,N/A,614,30712,26,2
01:25:42,0.70,77,N/A,614,30712,28,2
01:25:46,0.70,77,N/A,614,30712,30,2
01:25:50,0.70,77,N/A,614,30712,28,2
01:25:53,0.70,77,N/A,614,30712,28,2
01:25:57,0.70,77,N/A,614,30712,26,2
01:26:01,0.70,77,N/A,614,30712,25,2
01:26:04,0.70,77,N/A,614,30712,30,2
01:26:07,0.70,77,N/A,614,30712,27,2
01:26:11,0.70,77,N/A,614,30712,30,2
01:26:14,0.70,77,N/A,613,3,0,2
01:26:18,0.70,76,N/A,608,3,0,2
01:26:22,0.60,77,N/A,608,3,0,2
01:26:25,0.60,77,N/A,612,24,0,2
01:26:29,0.60,77,N/A,613,30708,0,2
01:26:32,0.60,77,N/A,613,30708,0,2
01:26:36,0.60,77,N/A,613,30708,0,2
01:26:39,0.60,77,N/A,613,30708,0,2
01:26:43,0.60,77,N/A,613,30708,0,2
01:26:46,0.60,77,N/A,613,30712,25,2
01:26:49,0.60,77,N/A,613,30712,31,2
01:26:53,0.60,77,N/A,613,30712,30,2
01:26:56,0.60,77,N/A,613,30712,25,2
01:27:00,0.60,77,N/A,613,30712,27,2
01:27:03,0.60,77,N/A,613,30712,25,2
01:27:07,0.60,77,N/A,613,30712,25,2
01:27:10,0.60,77,N/A,613,30712,27,2
01:27:14,0.50,77,N/A,613,30712,30,2
01:27:17,0.50,77,N/A,613,30712,29,2
01:27:21,0.50,77,N/A,613,30712,27,2
01:27:25,0.50,77,N/A,613,30712,25,2
01:27:28,0.50,77,N/A,613,30712,28,2
01:27:32,0.50,77,N/A,613,30712,26,2
01:27:35,0.50,77,N/A,614,30712,25,2
01:27:39,0.50,77,N/A,613,30712,27,2
01:27:42,0.50,77,N/A,613,30712,29,2
01:27:46,0.50,77,N/A,613,30712,27,2
01:27:49,0.50,77,N/A,613,30712,29,2
01:27:53,0.50,77,N/A,613,30712,27,2
01:27:56,0.50,77,N/A,613,30712,25,2
01:28:00,0.50,77,N/A,608,3,0,2
01:28:03,0.50,76,N/A,608,2,0,2
01:28:07,0.50,77,N/A,608,2,0,2
01:28:10,0.50,77,N/A,612,24,0,2
01:28:14,0.50,77,N/A,613,30708,0,2
01:28:17,0.50,77,N/A,613,30708,0,2
01:28:21,0.50,77,N/A,613,30708,0,2
01:28:24,0.50,77,N/A,613,30708,0,2
01:28:28,0.40,77,N/A,613,30708,0,2
01:28:32,0.40,77,N/A,614,30712,27,2
01:28:35,0.40,77,N/A,614,30711,29,2
01:28:39,0.40,77,N/A,614,30711,25,2
01:28:43,0.40,77,N/A,614,30711,27,2
01:28:46,0.40,77,N/A,614,30711,26,2
01:28:50,0.40,77,N/A,614,30711,25,2
01:28:53,0.40,77,N/A,614,30711,29,2
01:28:57,0.40,77,N/A,614,30711,29,2
01:29:00,0.40,77,N/A,614,30711,27,2
01:29:03,0.40,77,N/A,614,30711,31,2
01:29:07,0.40,77,N/A,615,30711,25,2
01:29:10,0.40,77,N/A,615,30711,28,2
01:29:14,0.40,77,N/A,615,30711,28,2
01:29:17,0.40,77,N/A,614,30711,30,2
01:29:20,0.40,77,N/A,614,30711,26,2
01:29:24,0.40,77,N/A,614,30711,31,2
01:29:27,0.40,77,N/A,614,30711,29,2
01:29:31,0.40,77,N/A,614,30711,27,2
01:29:34,0.40,77,N/A,614,30711,29,2
01:29:38,0.40,77,N/A,614,30711,29,2
01:29:41,0.40,77,N/A,614,30711,0,2
01:29:46,0.40,77,N/A,608,3,0,2
01:29:49,0.40,77,N/A,608,3,0,2
01:29:53,0.40,77,N/A,608,3,0,2
01:29:56,0.40,77,N/A,611,24,0,2
01:29:59,0.40,77,N/A,612,30708,0,2
01:30:03,0.40,77,N/A,612,30708,0,2
01:30:06,0.40,77,N/A,612,30708,0,2
01:30:10,0.40,77,N/A,612,30708,0,2
01:30:13,0.40,77,N/A,612,30712,30,2
01:30:17,0.40,77,N/A,613,30712,29,2
01:30:20,0.30,77,N/A,613,30712,28,2
01:30:23,0.30,77,N/A,613,30712,27,2
01:30:27,0.30,77,N/A,613,30712,29,2
01:30:30,0.30,77,N/A,613,30712,28,2
01:30:34,0.30,77,N/A,613,30712,30,2
01:30:37,0.30,77,N/A,613,30712,30,2
01:30:41,0.30,77,N/A,613,30712,30,2
01:30:44,0.30,77,N/A,613,30712,27,2
01:30:48,0.30,77,N/A,613,30712,25,2
01:30:51,0.30,77,N/A,613,30712,28,2
01:30:54,0.30,77,N/A,613,30712,25,2
01:30:58,0.30,77,N/A,613,30712,25,2
01:31:01,0.30,77,N/A,613,30712,30,2
01:31:05,0.30,77,N/A,613,30712,27,2
01:31:08,0.30,77,N/A,613,30712,28,2
01:31:11,0.30,77,N/A,613,30712,30,2
01:31:15,0.30,77,N/A,613,30712,26,2
01:31:18,0.30,77,N/A,613,30712,26,2
01:31:21,0.30,77,N/A,613,30712,31,2
01:31:25,0.30,77,N/A,613,30712,30,2
01:31:28,0.30,77,N/A,612,3,0,2
01:31:33,0.30,76,N/A,608,3,0,2
01:31:36,0.30,77,N/A,608,3,0,2
01:31:39,0.30,77,N/A,608,3,0,2
01:31:43,0.30,77,N/A,613,30708,0,2
01:31:46,0.30,77,N/A,613,30708,0,2
01:31:50,0.30,77,N/A,612,30708,0,2
01:31:53,0.30,77,N/A,612,30708,0,2
01:31:57,0.30,77,N/A,612,30708,0,2
01:32:00,0.30,77,N/A,613,30712,0,2
01:32:04,0.30,77,N/A,613,30712,27,2
01:32:07,0.30,77,N/A,613,30712,26,2
01:32:11,0.30,77,N/A,613,30712,25,2
01:32:14,0.30,77,N/A,613,30712,29,2
01:32:17,0.30,77,N/A,613,30712,26,2
01:32:21,0.30,77,N/A,613,30712,26,2
01:32:24,0.30,77,N/A,613,30712,30,2
01:32:28,0.30,77,N/A,613,30712,28,2
01:32:31,0.30,77,N/A,613,30712,27,2
01:32:35,0.30,77,N/A,613,30712,28,2
01:32:38,0.30,77,N/A,613,30712,29,2
01:32:42,0.30,77,N/A,613,30712,26,2
01:32:45,0.30,77,N/A,613,30712,29,2
01:32:48,0.30,77,N/A,613,30712,29,2
01:32:52,0.30,77,N/A,613,30712,26,2
01:32:55,0.30,77,N/A,613,30712,25,2
01:32:59,0.30,77,N/A,613,30712,25,2
01:33:02,0.30,77,N/A,613,30712,25,2
01:33:06,0.30,77,N/A,613,30712,27,2
01:33:09,0.30,77,N/A,613,30712,30,2
01:33:12,0.30,77,N/A,613,28,0,2
01:33:17,0.30,76,N/A,608,3,0,2
01:33:21,0.20,77,N/A,608,3,0,2
01:33:24,0.20,77,N/A,608,3,0,2
01:33:28,0.20,77,N/A,612,30708,0,2
01:33:31,0.20,77,N/A,613,30708,0,2
01:33:34,0.20,77,N/A,613,30708,0,2
01:33:38,0.20,77,N/A,613,30708,0,2
01:33:41,0.20,77,N/A,613,30708,0,2
01:33:45,0.20,77,N/A,613,30712,0,2
01:33:49,0.20,77,N/A,613,30712,29,2
01:33:52,0.20,77,N/A,613,30712,30,2
01:33:56,0.20,77,N/A,613,30712,29,2
01:33:59,0.20,77,N/A,614,30712,28,2
01:34:03,0.20,77,N/A,613,30712,29,2
01:34:07,0.20,77,N/A,613,30712,26,2
01:34:10,0.20,77,N/A,614,30712,27,2
01:34:14,0.20,77,N/A,615,30712,25,2
01:34:17,0.20,77,N/A,615,30712,28,2
01:34:21,0.20,77,N/A,614,30712,26,2
01:34:25,0.20,77,N/A,614,30712,25,2
01:34:28,0.20,77,N/A,614,30712,27,2
01:34:32,0.20,77,N/A,614,30712,28,2
01:34:36,0.20,77,N/A,614,30712,26,2
01:34:39,0.20,77,N/A,614,30712,29,2
01:34:43,0.20,77,N/A,614,30712,28,2
01:34:47,0.20,77,N/A,614,30712,27,2
01:34:50,0.20,77,N/A,614,30712,27,2
01:34:54,0.20,77,N/A,614,30712,26,2
01:34:58,0.20,77,N/A,614,30712,27,2
01:35:03,0.20,76,N/A,609,2,0,2
01:35:06,0.20,77,N/A,608,2,0,2
01:35:10,0.20,77,N/A,608,2,0,2
01:35:14,0.20,77,N/A,612,30708,0,2
01:35:17,0.20,77,N/A,613,30708,0,2
01:35:21,0.20,77,N/A,613,30708,0,2
01:35:24,0.20,77,N/A,612,30708,0,2
01:35:28,0.20,77,N/A,612,30708,0,2
01:35:32,0.20,77,N/A,613,30712,29,2
01:35:35,0.20,77,N/A,613,30712,27,2
01:35:39,0.20,77,N/A,613,30712,28,2
01:35:42,0.20,77,N/A,613,30712,30,2
01:35:45,0.20,77,N/A,613,30712,25,2
01:35:49,0.20,77,N/A,613,30712,27,2
01:35:52,0.20,77,N/A,613,30712,27,2
01:35:56,0.20,77,N/A,613,30712,27,2
01:35:59,0.20,77,N/A,613,30712,28,2
01:36:02,0.20,77,N/A,613,30712,27,2
01:36:06,0.20,77,N/A,613,30712,30,2
01:36:09,0.20,77,N/A,613,30712,25,2
01:36:13,0.20,77,N/A,613,30712,29,2
01:36:16,0.20,77,N/A,613,30712,29,2
01:36:20,0.20,77,N/A,613,30712,26,2
01:36:23,0.20,77,N/A,613,30712,28,2
01:36:26,0.20,77,N/A,613,30712,30,2
01:36:30,0.20,77,N/A,613,30712,30,2
01:36:33,0.20,77,N/A,613,30712,27,2
01:36:37,0.20,77,N/A,613,30712,27,2
01:36:40,0.20,77,N/A,613,30712,25,2
01:36:44,0.20,77,N/A,613,30712,0,2
01:36:48,0.20,77,N/A,608,2,0,2
01:36:52,0.20,77,N/A,608,2,0,2
01:36:55,0.20,77,N/A,608,2,0,2
01:36:59,0.20,77,N/A,612,24,0,2
01:37:02,0.20,77,N/A,612,30708,0,2
01:37:06,0.20,77,N/A,612,30708,0,2
01:37:09,0.20,77,N/A,612,30708,0,2
01:37:13,0.20,77,N/A,612,30708,0,2
01:37:16,0.20,77,N/A,612,30712,29,2
01:37:20,0.20,77,N/A,613,30712,30,2
01:37:23,0.20,77,N/A,613,30712,30,2
01:37:26,0.20,77,N/A,613,30712,28,2
01:37:30,0.20,77,N/A,613,30712,27,2
01:37:33,0.20,77,N/A,613,30712,31,2
01:37:37,0.20,77,N/A,613,30712,26,2
01:37:40,0.20,77,N/A,613,30712,27,2
01:37:44,0.20,77,N/A,613,30712,25,2
01:37:47,0.20,77,N/A,613,30712,26,2
01:37:50,0.20,77,N/A,613,30712,29,2
01:37:54,0.20,77,N/A,613,30712,29,2
01:37:58,0.20,77,N/A,613,30712,30,2
01:38:01,0.20,77,N/A,613,30712,29,2
01:38:05,0.20,77,N/A,613,30712,28,2
01:38:09,0.20,77,N/A,613,30712,27,2
01:38:12,0.20,77,N/A,613,30712,31,2
01:38:16,0.20,77,N/A,613,30712,29,2
01:38:20,0.20,77,N/A,613,30712,25,2
01:38:23,0.20,77,N/A,613,30712,31,2
01:38:27,0.20,77,N/A,613,30712,27,2
01:38:31,0.20,77,N/A,612,3,0,2
01:38:35,0.20,76,N/A,608,2,0,2

=== Resource Usage Statistics ===
Sample Count: 297
Average CPU Usage: 1.49%
Peak CPU Usage: 109.00%
Average Host Memory Usage: 76.97MB
Peak Host Memory Usage: 77MB
Average GPU Memory Usage: N/A
Peak GPU Memory Usage: N/A
Average NPU Memory Usage: 612.75MB
Peak NPU Memory Usage: 616MB
Average NPU HBM Usage: 26679.22MB
Peak NPU HBM Usage: 30712MB
Average NPU AICore Usage: 19.06%
Peak NPU AICore Usage: 31.00%
Maximum Process Count: 2
[0;32m[2025-10-28 01:38:38][0m Program run completed
[0;32m[2025-10-28 01:38:38][0m Run Time: 0 hours 17 minutes 31 seconds
[0;32m[2025-10-28 01:38:38][0m Exit Code: 0
[0;32m[2025-10-28 01:38:38][0m Detailed Log: monitor_MP-Trans_pred.py_20251028_012105.log
