[0;32m[2025-10-27 20:49:52][0m Starting program monitoring: python ML_SVM_Pred.py ./Merge_DB_HNCasGH_M801S1Up.p80.fa
[0;32m[2025-10-27 20:49:52][0m Log file: monitor_ML_SVM_Pred.py_20251027_204952.log
=== System Information ===
Hostname: localhost.localdomain
Start Time: 2025年 10月 27日 星期一 20:49:52 EDT

=== Testing NPU Parsing ===
npu-smi not available

[0;32m[2025-10-27 20:49:52][0m Starting program...
=== Program Output ===
[0;32m[2025-10-27 20:49:52][0m Program started with PID: 3080082
[0;32m[2025-10-27 20:49:54][0m CPU: 715.00%, Host Memory: 451MB, GPU: 0MB, NPU Memory: 0MB, NPU HBM: 0MB, AICore: 0%
[0;32m[2025-10-27 20:49:59][0m CPU: 313.00%, Host Memory: 570MB, GPU: 0MB, NPU Memory: 0MB, NPU HBM: 0MB, AICore: 0%
[0;32m[2025-10-27 20:50:03][0m CPU: 212.00%, Host Memory: 570MB, GPU: 0MB, NPU Memory: 0MB, NPU HBM: 0MB, AICore: 0%
[0;32m[2025-10-27 20:50:08][0m CPU: 185.00%, Host Memory: 570MB, GPU: 0MB, NPU Memory: 0MB, NPU HBM: 0MB, AICore: 0%
[0;32m[2025-10-27 20:50:12][0m CPU: 161.00%, Host Memory: 570MB, GPU: 0MB, NPU Memory: 0MB, NPU HBM: 0MB, AICore: 0%
[0;32m[2025-10-27 20:50:17][0m CPU: 152.00%, Host Memory: 570MB, GPU: 0MB, NPU Memory: 0MB, NPU HBM: 0MB, AICore: 0%
[0;32m[2025-10-27 20:50:21][0m CPU: 141.00%, Host Memory: 570MB, GPU: 0MB, NPU Memory: 0MB, NPU HBM: 0MB, AICore: 0%
[0;32m[2025-10-27 20:50:26][0m CPU: 138.00%, Host Memory: 570MB, GPU: 0MB, NPU Memory: 0MB, NPU HBM: 0MB, AICore: 0%
[0;32m[2025-10-27 20:50:30][0m CPU: 131.00%, Host Memory: 570MB, GPU: 0MB, NPU Memory: 0MB, NPU HBM: 0MB, AICore: 0%
[0;32m[2025-10-27 20:50:35][0m CPU: 129.00%, Host Memory: 570MB, GPU: 0MB, NPU Memory: 0MB, NPU HBM: 0MB, AICore: 0%
[0;32m[2025-10-27 20:50:39][0m CPU: 125.00%, Host Memory: 570MB, GPU: 0MB, NPU Memory: 0MB, NPU HBM: 0MB, AICore: 0%
[0;32m[2025-10-27 20:50:44][0m CPU: 124.00%, Host Memory: 570MB, GPU: 0MB, NPU Memory: 0MB, NPU HBM: 0MB, AICore: 0%
[0;32m[2025-10-27 20:50:48][0m CPU: 121.00%, Host Memory: 570MB, GPU: 0MB, NPU Memory: 0MB, NPU HBM: 0MB, AICore: 0%
[0;32m[2025-10-27 20:50:53][0m CPU: 120.00%, Host Memory: 570MB, GPU: 0MB, NPU Memory: 0MB, NPU HBM: 0MB, AICore: 0%
[0;32m[2025-10-27 20:50:57][0m CPU: 118.00%, Host Memory: 570MB, GPU: 0MB, NPU Memory: 0MB, NPU HBM: 0MB, AICore: 0%
[0;32m[2025-10-27 20:51:01][0m CPU: 117.00%, Host Memory: 570MB, GPU: 0MB, NPU Memory: 0MB, NPU HBM: 0MB, AICore: 0%
[0;32m[2025-10-27 20:51:06][0m CPU: 115.00%, Host Memory: 570MB, GPU: 0MB, NPU Memory: 0MB, NPU HBM: 0MB, AICore: 0%
[0;32m[2025-10-27 20:51:10][0m CPU: 115.00%, Host Memory: 570MB, GPU: 0MB, NPU Memory: 0MB, NPU HBM: 0MB, AICore: 0%
[0;32m[2025-10-27 20:51:15][0m CPU: 114.00%, Host Memory: 570MB, GPU: 0MB, NPU Memory: 0MB, NPU HBM: 0MB, AICore: 0%
[0;32m[2025-10-27 20:51:19][0m CPU: 113.00%, Host Memory: 570MB, GPU: 0MB, NPU Memory: 0MB, NPU HBM: 0MB, AICore: 0%
[0;32m[2025-10-27 20:51:24][0m CPU: 112.00%, Host Memory: 570MB, GPU: 0MB, NPU Memory: 0MB, NPU HBM: 0MB, AICore: 0%
[0;32m[2025-10-27 20:51:28][0m CPU: 112.00%, Host Memory: 570MB, GPU: 0MB, NPU Memory: 0MB, NPU HBM: 0MB, AICore: 0%
[0;32m[2025-10-27 20:51:33][0m CPU: 111.00%, Host Memory: 570MB, GPU: 0MB, NPU Memory: 0MB, NPU HBM: 0MB, AICore: 0%
[0;32m[2025-10-27 20:51:37][0m CPU: 111.00%, Host Memory: 570MB, GPU: 0MB, NPU Memory: 0MB, NPU HBM: 0MB, AICore: 0%
[0;32m[2025-10-27 20:51:42][0m CPU: 111.00%, Host Memory: 570MB, GPU: 0MB, NPU Memory: 0MB, NPU HBM: 0MB, AICore: 0%
[0;32m[2025-10-27 20:51:46][0m CPU: 110.00%, Host Memory: 570MB, GPU: 0MB, NPU Memory: 0MB, NPU HBM: 0MB, AICore: 0%
[0;32m[2025-10-27 20:51:50][0m CPU: 110.00%, Host Memory: 570MB, GPU: 0MB, NPU Memory: 0MB, NPU HBM: 0MB, AICore: 0%
[0;32m[2025-10-27 20:51:55][0m CPU: 110.00%, Host Memory: 570MB, GPU: 0MB, NPU Memory: 0MB, NPU HBM: 0MB, AICore: 0%
[0;32m[2025-10-27 20:51:59][0m CPU: 109.00%, Host Memory: 570MB, GPU: 0MB, NPU Memory: 0MB, NPU HBM: 0MB, AICore: 0%
[0;32m[2025-10-27 20:52:04][0m CPU: 109.00%, Host Memory: 570MB, GPU: 0MB, NPU Memory: 0MB, NPU HBM: 0MB, AICore: 0%
[0;32m[2025-10-27 20:52:08][0m CPU: 108.00%, Host Memory: 570MB, GPU: 0MB, NPU Memory: 0MB, NPU HBM: 0MB, AICore: 0%
[0;32m[2025-10-27 20:52:12][0m CPU: 108.00%, Host Memory: 570MB, GPU: 0MB, NPU Memory: 0MB, NPU HBM: 0MB, AICore: 0%
[0;32m[2025-10-27 20:52:17][0m CPU: 108.00%, Host Memory: 570MB, GPU: 0MB, NPU Memory: 0MB, NPU HBM: 0MB, AICore: 0%
[0;32m[2025-10-27 20:52:21][0m CPU: 107.00%, Host Memory: 570MB, GPU: 0MB, NPU Memory: 0MB, NPU HBM: 0MB, AICore: 0%
[0;32m[2025-10-27 20:52:25][0m CPU: 107.00%, Host Memory: 570MB, GPU: 0MB, NPU Memory: 0MB, NPU HBM: 0MB, AICore: 0%
[0;32m[2025-10-27 20:52:30][0m CPU: 107.00%, Host Memory: 570MB, GPU: 0MB, NPU Memory: 0MB, NPU HBM: 0MB, AICore: 0%
[0;32m[2025-10-27 20:52:34][0m CPU: 107.00%, Host Memory: 570MB, GPU: 0MB, NPU Memory: 0MB, NPU HBM: 0MB, AICore: 0%
[0;32m[2025-10-27 20:52:39][0m CPU: 107.00%, Host Memory: 570MB, GPU: 0MB, NPU Memory: 0MB, NPU HBM: 0MB, AICore: 0%
[0;32m[2025-10-27 20:52:43][0m CPU: 106.00%, Host Memory: 570MB, GPU: 0MB, NPU Memory: 0MB, NPU HBM: 0MB, AICore: 0%
[0;32m[2025-10-27 20:52:47][0m CPU: 106.00%, Host Memory: 570MB, GPU: 0MB, NPU Memory: 0MB, NPU HBM: 0MB, AICore: 0%
[0;32m[2025-10-27 20:52:52][0m CPU: 106.00%, Host Memory: 570MB, GPU: 0MB, NPU Memory: 0MB, NPU HBM: 0MB, AICore: 0%
[0;32m[2025-10-27 20:52:56][0m CPU: 106.00%, Host Memory: 570MB, GPU: 0MB, NPU Memory: 0MB, NPU HBM: 0MB, AICore: 0%
[0;32m[2025-10-27 20:53:01][0m CPU: 106.00%, Host Memory: 570MB, GPU: 0MB, NPU Memory: 0MB, NPU HBM: 0MB, AICore: 0%
[0;32m[2025-10-27 20:53:05][0m CPU: 105.00%, Host Memory: 570MB, GPU: 0MB, NPU Memory: 0MB, NPU HBM: 0MB, AICore: 0%
[0;32m[2025-10-27 20:53:09][0m CPU: 105.00%, Host Memory: 570MB, GPU: 0MB, NPU Memory: 0MB, NPU HBM: 0MB, AICore: 0%
[0;32m[2025-10-27 20:53:14][0m CPU: 105.00%, Host Memory: 570MB, GPU: 0MB, NPU Memory: 0MB, NPU HBM: 0MB, AICore: 0%
[0;32m[2025-10-27 20:53:18][0m CPU: 105.00%, Host Memory: 570MB, GPU: 0MB, NPU Memory: 0MB, NPU HBM: 0MB, AICore: 0%
[0;32m[2025-10-27 20:53:22][0m CPU: 105.00%, Host Memory: 570MB, GPU: 0MB, NPU Memory: 0MB, NPU HBM: 0MB, AICore: 0%
[0;32m[2025-10-27 20:53:27][0m CPU: 105.00%, Host Memory: 570MB, GPU: 0MB, NPU Memory: 0MB, NPU HBM: 0MB, AICore: 0%
[0;32m[2025-10-27 20:53:31][0m CPU: 105.00%, Host Memory: 570MB, GPU: 0MB, NPU Memory: 0MB, NPU HBM: 0MB, AICore: 0%
[0;32m[2025-10-27 20:53:35][0m CPU: 105.00%, Host Memory: 570MB, GPU: 0MB, NPU Memory: 0MB, NPU HBM: 0MB, AICore: 0%
[0;32m[2025-10-27 20:53:40][0m CPU: 104.00%, Host Memory: 570MB, GPU: 0MB, NPU Memory: 0MB, NPU HBM: 0MB, AICore: 0%
[0;32m[2025-10-27 20:53:44][0m CPU: 104.00%, Host Memory: 570MB, GPU: 0MB, NPU Memory: 0MB, NPU HBM: 0MB, AICore: 0%
[0;32m[2025-10-27 20:53:49][0m CPU: 105.00%, Host Memory: 570MB, GPU: 0MB, NPU Memory: 0MB, NPU HBM: 0MB, AICore: 0%
[0;32m[2025-10-27 20:53:53][0m CPU: 104.00%, Host Memory: 571MB, GPU: 0MB, NPU Memory: 0MB, NPU HBM: 0MB, AICore: 0%
[0;32m[2025-10-27 20:53:58][0m CPU: 104.00%, Host Memory: 571MB, GPU: 0MB, NPU Memory: 0MB, NPU HBM: 0MB, AICore: 0%
[0;32m[2025-10-27 20:54:02][0m CPU: 104.00%, Host Memory: 571MB, GPU: 0MB, NPU Memory: 0MB, NPU HBM: 0MB, AICore: 0%
[0;32m[2025-10-27 20:54:07][0m CPU: 104.00%, Host Memory: 571MB, GPU: 0MB, NPU Memory: 0MB, NPU HBM: 0MB, AICore: 0%
[0;32m[2025-10-27 20:54:11][0m CPU: 104.00%, Host Memory: 571MB, GPU: 0MB, NPU Memory: 0MB, NPU HBM: 0MB, AICore: 0%
[0;32m[2025-10-27 20:54:16][0m CPU: 104.00%, Host Memory: 571MB, GPU: 0MB, NPU Memory: 0MB, NPU HBM: 0MB, AICore: 0%
[0;32m[2025-10-27 20:54:20][0m CPU: 104.00%, Host Memory: 571MB, GPU: 0MB, NPU Memory: 0MB, NPU HBM: 0MB, AICore: 0%
[0;32m[2025-10-27 20:54:25][0m CPU: 104.00%, Host Memory: 571MB, GPU: 0MB, NPU Memory: 0MB, NPU HBM: 0MB, AICore: 0%
[0;32m[2025-10-27 20:54:29][0m CPU: 104.00%, Host Memory: 571MB, GPU: 0MB, NPU Memory: 0MB, NPU HBM: 0MB, AICore: 0%
[0;32m[2025-10-27 20:54:34][0m CPU: 104.00%, Host Memory: 571MB, GPU: 0MB, NPU Memory: 0MB, NPU HBM: 0MB, AICore: 0%
[0;32m[2025-10-27 20:54:38][0m CPU: 103.00%, Host Memory: 571MB, GPU: 0MB, NPU Memory: 0MB, NPU HBM: 0MB, AICore: 0%
[0;32m[2025-10-27 20:54:43][0m CPU: 104.00%, Host Memory: 571MB, GPU: 0MB, NPU Memory: 0MB, NPU HBM: 0MB, AICore: 0%
[0;32m[2025-10-27 20:54:47][0m CPU: 103.00%, Host Memory: 571MB, GPU: 0MB, NPU Memory: 0MB, NPU HBM: 0MB, AICore: 0%
[0;32m[2025-10-27 20:54:52][0m CPU: 103.00%, Host Memory: 571MB, GPU: 0MB, NPU Memory: 0MB, NPU HBM: 0MB, AICore: 0%
[0;32m[2025-10-27 20:54:56][0m CPU: 103.00%, Host Memory: 571MB, GPU: 0MB, NPU Memory: 0MB, NPU HBM: 0MB, AICore: 0%
[0;32m[2025-10-27 20:55:01][0m CPU: 103.00%, Host Memory: 571MB, GPU: 0MB, NPU Memory: 0MB, NPU HBM: 0MB, AICore: 0%
[0;32m[2025-10-27 20:55:05][0m CPU: 103.00%, Host Memory: 571MB, GPU: 0MB, NPU Memory: 0MB, NPU HBM: 0MB, AICore: 0%
[0;32m[2025-10-27 20:55:10][0m CPU: 103.00%, Host Memory: 571MB, GPU: 0MB, NPU Memory: 0MB, NPU HBM: 0MB, AICore: 0%
[0;32m[2025-10-27 20:55:14][0m CPU: 103.00%, Host Memory: 571MB, GPU: 0MB, NPU Memory: 0MB, NPU HBM: 0MB, AICore: 0%
[0;32m[2025-10-27 20:55:19][0m CPU: 103.00%, Host Memory: 571MB, GPU: 0MB, NPU Memory: 0MB, NPU HBM: 0MB, AICore: 0%
[0;32m[2025-10-27 20:55:23][0m CPU: 103.00%, Host Memory: 571MB, GPU: 0MB, NPU Memory: 0MB, NPU HBM: 0MB, AICore: 0%
[0;32m[2025-10-27 20:55:28][0m CPU: 103.00%, Host Memory: 571MB, GPU: 0MB, NPU Memory: 0MB, NPU HBM: 0MB, AICore: 0%
[0;32m[2025-10-27 20:55:32][0m CPU: 103.00%, Host Memory: 571MB, GPU: 0MB, NPU Memory: 0MB, NPU HBM: 0MB, AICore: 0%
[0;32m[2025-10-27 20:55:37][0m CPU: 103.00%, Host Memory: 571MB, GPU: 0MB, NPU Memory: 0MB, NPU HBM: 0MB, AICore: 0%
[0;32m[2025-10-27 20:55:41][0m CPU: 103.00%, Host Memory: 571MB, GPU: 0MB, NPU Memory: 0MB, NPU HBM: 0MB, AICore: 0%
[0;32m[2025-10-27 20:55:46][0m CPU: 102.00%, Host Memory: 571MB, GPU: 0MB, NPU Memory: 0MB, NPU HBM: 0MB, AICore: 0%

=== Run Statistics ===
Exit Code: 0
Run Time: 0h 5m 58s
Start Time: 2025-10-27 20:49:52
End Time: 2025-10-27 20:55:50

=== Resource Usage Summary ===
20:49:54,715.00,451,0,0,0,0,1
20:49:56,415.00,570,0,0,0,0,1
20:49:59,313.00,570,0,0,0,0,1
20:50:01,234.00,570,0,0,0,0,1
20:50:03,212.00,570,0,0,0,0,1
20:50:05,196.00,570,0,0,0,0,1
20:50:08,185.00,570,0,0,0,0,1
20:50:10,166.00,570,0,0,0,0,1
20:50:12,161.00,570,0,0,0,0,1
20:50:14,156.00,570,0,0,0,0,1
20:50:16,152.00,570,0,0,0,0,1
20:50:19,144.00,570,0,0,0,0,1
20:50:21,141.00,570,0,0,0,0,1
20:50:23,139.00,570,0,0,0,0,1
20:50:25,138.00,570,0,0,0,0,1
20:50:28,132.00,570,0,0,0,0,1
20:50:30,131.00,570,0,0,0,0,1
20:50:32,130.00,570,0,0,0,0,1
20:50:34,129.00,570,0,0,0,0,1
20:50:37,126.00,570,0,0,0,0,1
20:50:39,125.00,570,0,0,0,0,1
20:50:41,124.00,570,0,0,0,0,1
20:50:43,124.00,570,0,0,0,0,1
20:50:46,121.00,570,0,0,0,0,1
20:50:48,121.00,570,0,0,0,0,1
20:50:50,120.00,570,0,0,0,0,1
20:50:52,120.00,570,0,0,0,0,1
20:50:55,120.00,570,0,0,0,0,1
20:50:57,118.00,570,0,0,0,0,1
20:50:59,117.00,570,0,0,0,0,1
20:51:01,117.00,570,0,0,0,0,1
20:51:03,117.00,570,0,0,0,0,1
20:51:06,115.00,570,0,0,0,0,1
20:51:08,115.00,570,0,0,0,0,1
20:51:10,115.00,570,0,0,0,0,1
20:51:12,115.00,570,0,0,0,0,1
20:51:15,114.00,570,0,0,0,0,1
20:51:17,113.00,570,0,0,0,0,1
20:51:19,113.00,570,0,0,0,0,1
20:51:21,113.00,570,0,0,0,0,1
20:51:24,112.00,570,0,0,0,0,1
20:51:26,112.00,570,0,0,0,0,1
20:51:28,112.00,570,0,0,0,0,1
20:51:30,112.00,570,0,0,0,0,1
20:51:33,111.00,570,0,0,0,0,1
20:51:35,111.00,570,0,0,0,0,1
20:51:37,111.00,570,0,0,0,0,1
20:51:39,111.00,570,0,0,0,0,1
20:51:41,111.00,570,0,0,0,0,1
20:51:44,111.00,570,0,0,0,0,1
20:51:46,110.00,570,0,0,0,0,1
20:51:48,110.00,570,0,0,0,0,1
20:51:50,110.00,570,0,0,0,0,1
20:51:52,110.00,570,0,0,0,0,1
20:51:55,110.00,570,0,0,0,0,1
20:51:57,109.00,570,0,0,0,0,1
20:51:59,109.00,570,0,0,0,0,1
20:52:01,109.00,570,0,0,0,0,1
20:52:03,109.00,570,0,0,0,0,1
20:52:06,109.00,570,0,0,0,0,1
20:52:08,108.00,570,0,0,0,0,1
20:52:10,108.00,570,0,0,0,0,1
20:52:12,108.00,570,0,0,0,0,1
20:52:14,108.00,570,0,0,0,0,1
20:52:17,108.00,570,0,0,0,0,1
20:52:19,107.00,570,0,0,0,0,1
20:52:21,107.00,570,0,0,0,0,1
20:52:23,107.00,570,0,0,0,0,1
20:52:25,107.00,570,0,0,0,0,1
20:52:27,107.00,570,0,0,0,0,1
20:52:30,107.00,570,0,0,0,0,1
20:52:32,107.00,570,0,0,0,0,1
20:52:34,107.00,570,0,0,0,0,1
20:52:36,107.00,570,0,0,0,0,1
20:52:38,107.00,570,0,0,0,0,1
20:52:41,106.00,570,0,0,0,0,1
20:52:43,106.00,570,0,0,0,0,1
20:52:45,106.00,570,0,0,0,0,1
20:52:47,106.00,570,0,0,0,0,1
20:52:49,106.00,570,0,0,0,0,1
20:52:52,106.00,570,0,0,0,0,1
20:52:54,106.00,570,0,0,0,0,1
20:52:56,106.00,570,0,0,0,0,1
20:52:58,106.00,570,0,0,0,0,1
20:53:00,106.00,570,0,0,0,0,1
20:53:03,105.00,570,0,0,0,0,1
20:53:05,105.00,570,0,0,0,0,1
20:53:07,105.00,570,0,0,0,0,1
20:53:09,105.00,570,0,0,0,0,1
20:53:11,105.00,570,0,0,0,0,1
20:53:13,105.00,570,0,0,0,0,1
20:53:16,105.00,570,0,0,0,0,1
20:53:18,105.00,570,0,0,0,0,1
20:53:20,105.00,570,0,0,0,0,1
20:53:22,105.00,570,0,0,0,0,1
20:53:24,105.00,570,0,0,0,0,1
20:53:27,105.00,570,0,0,0,0,1
20:53:29,105.00,570,0,0,0,0,1
20:53:31,105.00,570,0,0,0,0,1
20:53:33,105.00,570,0,0,0,0,1
20:53:35,105.00,570,0,0,0,0,1
20:53:37,105.00,570,0,0,0,0,1
20:53:40,104.00,570,0,0,0,0,1
20:53:42,104.00,570,0,0,0,0,1
20:53:44,104.00,570,0,0,0,0,1
20:53:46,104.00,570,0,0,0,0,1
20:53:48,105.00,570,0,0,0,0,1
20:53:51,104.00,570,0,0,0,0,1
20:53:53,104.00,571,0,0,0,0,1
20:53:55,104.00,571,0,0,0,0,1
20:53:57,104.00,571,0,0,0,0,1
20:54:00,104.00,571,0,0,0,0,1
20:54:02,104.00,571,0,0,0,0,1
20:54:04,104.00,571,0,0,0,0,1
20:54:06,104.00,571,0,0,0,0,1
20:54:09,104.00,571,0,0,0,0,1
20:54:11,104.00,571,0,0,0,0,1
20:54:13,104.00,571,0,0,0,0,1
20:54:15,104.00,571,0,0,0,0,1
20:54:18,104.00,571,0,0,0,0,1
20:54:20,104.00,571,0,0,0,0,1
20:54:22,104.00,571,0,0,0,0,1
20:54:24,104.00,571,0,0,0,0,1
20:54:27,104.00,571,0,0,0,0,1
20:54:29,104.00,571,0,0,0,0,1
20:54:31,104.00,571,0,0,0,0,1
20:54:33,104.00,571,0,0,0,0,1
20:54:36,103.00,571,0,0,0,0,1
20:54:38,103.00,571,0,0,0,0,1
20:54:40,103.00,571,0,0,0,0,1
20:54:42,104.00,571,0,0,0,0,1
20:54:45,103.00,571,0,0,0,0,1
20:54:47,103.00,571,0,0,0,0,1
20:54:49,103.00,571,0,0,0,0,1
20:54:51,103.00,571,0,0,0,0,1
20:54:54,103.00,571,0,0,0,0,1
20:54:56,103.00,571,0,0,0,0,1
20:54:58,103.00,571,0,0,0,0,1
20:55:01,103.00,571,0,0,0,0,1
20:55:03,103.00,571,0,0,0,0,1
20:55:05,103.00,571,0,0,0,0,1
20:55:07,103.00,571,0,0,0,0,1
20:55:10,103.00,571,0,0,0,0,1
20:55:12,103.00,571,0,0,0,0,1
20:55:14,103.00,571,0,0,0,0,1
20:55:16,103.00,571,0,0,0,0,1
20:55:19,103.00,571,0,0,0,0,1
20:55:21,103.00,571,0,0,0,0,1
20:55:23,103.00,571,0,0,0,0,1
20:55:25,103.00,571,0,0,0,0,1
20:55:28,103.00,571,0,0,0,0,1
20:55:30,103.00,571,0,0,0,0,1
20:55:32,103.00,571,0,0,0,0,1
20:55:34,103.00,571,0,0,0,0,1
20:55:37,103.00,571,0,0,0,0,1
20:55:39,103.00,571,0,0,0,0,1
20:55:41,103.00,571,0,0,0,0,1
20:55:43,103.00,571,0,0,0,0,1
20:55:46,102.00,571,0,0,0,0,1
20:55:48,103.00,571,0,0,0,0,1

=== Resource Usage Statistics ===
Sample Count: 160
Average CPU Usage: 119.60%
Peak CPU Usage: 715.00%
Average Host Memory Usage: 569.58MB
Peak Host Memory Usage: 571MB
Average GPU Memory Usage: 0.00MB
Peak GPU Memory Usage: 0MB
Average NPU Memory Usage: 0.00MB
Peak NPU Memory Usage: 0MB
Average NPU HBM Usage: 0.00MB
Peak NPU HBM Usage: 0MB
Average NPU AICore Usage: 0.00%
Peak NPU AICore Usage: 0.00%
Maximum Process Count: 1
[0;32m[2025-10-27 20:55:50][0m Program run completed
[0;32m[2025-10-27 20:55:50][0m Run Time: 0 hours 5 minutes 58 seconds
[0;32m[2025-10-27 20:55:50][0m Exit Code: 0
[0;32m[2025-10-27 20:55:50][0m Detailed Log: monitor_ML_SVM_Pred.py_20251027_204952.log
