[0;32m[2025-10-27 21:44:45][0m Starting program monitoring: python hmm_14pfam.py ./Merge_DB_HNCasGH_M801S1Up.p80.fa
[0;32m[2025-10-27 21:44:45][0m Log file: monitor_hmm_14pfam.py_20251027_214445.log
=== System Information ===
Hostname: localhost.localdomain
Start Time: 2025年 10月 27日 星期一 21:44:45 EDT

=== Testing NPU Parsing ===
npu-smi not available

[0;32m[2025-10-27 21:44:45][0m Starting program...
=== Program Output ===
[0;32m[2025-10-27 21:44:45][0m Program started with PID: 3310407
[0;32m[2025-10-27 21:44:47][0m CPU: 1.00%, Host Memory: 9MB, GPU: 0MB, NPU Memory: 0MB, NPU HBM: 0MB, AICore: 0%
[0;32m[2025-10-27 21:44:51][0m CPU: 0.20%, Host Memory: 9MB, GPU: 0MB, NPU Memory: 0MB, NPU HBM: 0MB, AICore: 0%
[0;32m[2025-10-27 21:44:56][0m CPU: 0.20%, Host Memory: 9MB, GPU: 0MB, NPU Memory: 0MB, NPU HBM: 0MB, AICore: 0%

=== Run Statistics ===
Exit Code: 0
Run Time: 0h 0m 15s
Start Time: 2025-10-27 21:44:45
End Time: 2025-10-27 21:45:00

=== Resource Usage Summary ===
21:44:47,1.00,9,0,0,0,0,2
21:44:49,0.40,9,0,0,0,0,2
21:44:51,0.20,9,0,0,0,0,2
21:44:53,0.20,9,0,0,0,0,2
21:44:56,0.20,9,0,0,0,0,2
21:44:58,0.20,9,0,0,0,0,2

=== Resource Usage Statistics ===
Sample Count: 6
Average CPU Usage: 0.37%
Peak CPU Usage: 1.00%
Average Host Memory Usage: 9.00MB
Peak Host Memory Usage: 9MB
Average GPU Memory Usage: 0.00MB
Peak GPU Memory Usage: 0MB
Average NPU Memory Usage: 0.00MB
Peak NPU Memory Usage: 0MB
Average NPU HBM Usage: 0.00MB
Peak NPU HBM Usage: 0MB
Average NPU AICore Usage: 0.00%
Peak NPU AICore Usage: 0.00%
Maximum Process Count: 2
[0;32m[2025-10-27 21:45:00][0m Program run completed
[0;32m[2025-10-27 21:45:00][0m Run Time: 0 hours 0 minutes 15 seconds
[0;32m[2025-10-27 21:45:00][0m Exit Code: 0
[0;32m[2025-10-27 21:45:00][0m Detailed Log: monitor_hmm_14pfam.py_20251027_214445.log
