[0;32m[2025-10-27 22:29:20][0m Starting program monitoring: python ML_RF_Pred.py ./Merge_DB_HNCasGH_M801S1Up.p80.fa
[0;32m[2025-10-27 22:29:20][0m Log file: monitor_ML_RF_Pred.py_20251027_222920.log
=== System Information ===
Hostname: localhost.localdomain
Start Time: 2025年 10月 27日 星期一 22:29:20 EDT

=== Testing NPU Parsing ===
npu-smi not available

[0;32m[2025-10-27 22:29:20][0m Starting program...
=== Program Output ===
[0;32m[2025-10-27 22:29:20][0m Program started with PID: 3951754
[0;32m[2025-10-27 22:29:23][0m CPU: 641.00%, Host Memory: 342MB, GPU: 0MB, NPU Memory: 0MB, NPU HBM: 0MB, AICore: 0%

=== Run Statistics ===
Exit Code: 0
Run Time: 0h 0m 7s
Start Time: 2025-10-27 22:29:20
End Time: 2025-10-27 22:29:27

=== Resource Usage Summary ===
22:29:22,641.00,342,0,0,0,0,1
22:29:25,312.00,419,0,0,0,0,1

=== Resource Usage Statistics ===
Sample Count: 2
Average CPU Usage: 476.50%
Peak CPU Usage: 641.00%
Average Host Memory Usage: 380.50MB
Peak Host Memory Usage: 419MB
Average GPU Memory Usage: 0.00MB
Peak GPU Memory Usage: 0MB
Average NPU Memory Usage: 0.00MB
Peak NPU Memory Usage: 0MB
Average NPU HBM Usage: 0.00MB
Peak NPU HBM Usage: 0MB
Average NPU AICore Usage: 0.00%
Peak NPU AICore Usage: 0.00%
Maximum Process Count: 1
[0;32m[2025-10-27 22:29:27][0m Program run completed
[0;32m[2025-10-27 22:29:27][0m Run Time: 0 hours 0 minutes 7 seconds
[0;32m[2025-10-27 22:29:27][0m Exit Code: 0
[0;32m[2025-10-27 22:29:27][0m Detailed Log: monitor_ML_RF_Pred.py_20251027_222920.log
