[0;32m[2025-10-28 05:46:54][0m Starting program monitoring: /home/xuguoshun/anaconda3/envs/py27/bin/python ./CasMiner-Pred-no_gpu.py ./Merge_DB_HNCasGH_M801S1Up.p80.fa p80
[0;32m[2025-10-28 05:46:54][0m Log file: monitor_CasMiner-Pred-no_gpu.py_20251028_054654.log
=== System Information ===
Hostname: localhost.localdomain
Start Time: 2025年 10月 28日 星期二 05:46:54 EDT

=== Testing NPU Parsing ===
npu-smi not available

[0;32m[2025-10-28 05:46:54][0m Starting program...
=== Program Output ===
[0;32m[2025-10-28 05:46:54][0m Program started with PID: 961135
[0;32m[2025-10-28 05:46:56][0m CPU: 874.00%, Host Memory: 244MB, GPU: 0MB, NPU Memory: 0MB, NPU HBM: 0MB, AICore: 0%
[0;32m[2025-10-28 05:47:01][0m CPU: 362.00%, Host Memory: 296MB, GPU: 0MB, NPU Memory: 0MB, NPU HBM: 0MB, AICore: 0%
[0;32m[2025-10-28 05:47:05][0m CPU: 231.00%, Host Memory: 296MB, GPU: 0MB, NPU Memory: 0MB, NPU HBM: 0MB, AICore: 0%
[0;32m[2025-10-28 05:47:10][0m CPU: 197.00%, Host Memory: 504MB, GPU: 0MB, NPU Memory: 0MB, NPU HBM: 0MB, AICore: 0%
[0;32m[2025-10-28 05:47:14][0m CPU: 273.00%, Host Memory: 1733MB, GPU: 0MB, NPU Memory: 0MB, NPU HBM: 0MB, AICore: 0%
[0;32m[2025-10-28 05:47:19][0m CPU: 495.00%, Host Memory: 3088MB, GPU: 0MB, NPU Memory: 0MB, NPU HBM: 0MB, AICore: 0%
[0;32m[2025-10-28 05:47:23][0m CPU: 507.00%, Host Memory: 3522MB, GPU: 0MB, NPU Memory: 0MB, NPU HBM: 0MB, AICore: 0%
[0;32m[2025-10-28 05:47:28][0m CPU: 590.00%, Host Memory: 3872MB, GPU: 0MB, NPU Memory: 0MB, NPU HBM: 0MB, AICore: 0%
[0;32m[2025-10-28 05:47:32][0m CPU: 676.00%, Host Memory: 3979MB, GPU: 0MB, NPU Memory: 0MB, NPU HBM: 0MB, AICore: 0%
[0;32m[2025-10-28 05:47:37][0m CPU: 643.00%, Host Memory: 4113MB, GPU: 0MB, NPU Memory: 0MB, NPU HBM: 0MB, AICore: 0%
[0;32m[2025-10-28 05:47:41][0m CPU: 725.00%, Host Memory: 4367MB, GPU: 0MB, NPU Memory: 0MB, NPU HBM: 0MB, AICore: 0%
[0;32m[2025-10-28 05:47:46][0m CPU: 710.00%, Host Memory: 4917MB, GPU: 0MB, NPU Memory: 0MB, NPU HBM: 0MB, AICore: 0%
[0;32m[2025-10-28 05:47:51][0m CPU: 748.00%, Host Memory: 5417MB, GPU: 0MB, NPU Memory: 0MB, NPU HBM: 0MB, AICore: 0%
[0;32m[2025-10-28 05:47:55][0m CPU: 778.00%, Host Memory: 5568MB, GPU: 0MB, NPU Memory: 0MB, NPU HBM: 0MB, AICore: 0%
[0;32m[2025-10-28 05:48:00][0m CPU: 756.00%, Host Memory: 5599MB, GPU: 0MB, NPU Memory: 0MB, NPU HBM: 0MB, AICore: 0%
[0;32m[2025-10-28 05:48:04][0m CPU: 792.00%, Host Memory: 5847MB, GPU: 0MB, NPU Memory: 0MB, NPU HBM: 0MB, AICore: 0%
[0;32m[2025-10-28 05:48:09][0m CPU: 787.00%, Host Memory: 5878MB, GPU: 0MB, NPU Memory: 0MB, NPU HBM: 0MB, AICore: 0%
[0;32m[2025-10-28 05:48:13][0m CPU: 802.00%, Host Memory: 5810MB, GPU: 0MB, NPU Memory: 0MB, NPU HBM: 0MB, AICore: 0%
[0;32m[2025-10-28 05:48:18][0m CPU: 826.00%, Host Memory: 5867MB, GPU: 0MB, NPU Memory: 0MB, NPU HBM: 0MB, AICore: 0%
[0;32m[2025-10-28 05:48:22][0m CPU: 798.00%, Host Memory: 5972MB, GPU: 0MB, NPU Memory: 0MB, NPU HBM: 0MB, AICore: 0%
[0;32m[2025-10-28 05:48:27][0m CPU: 833.00%, Host Memory: 5782MB, GPU: 0MB, NPU Memory: 0MB, NPU HBM: 0MB, AICore: 0%
[0;32m[2025-10-28 05:48:31][0m CPU: 822.00%, Host Memory: 5771MB, GPU: 0MB, NPU Memory: 0MB, NPU HBM: 0MB, AICore: 0%
[0;32m[2025-10-28 05:48:36][0m CPU: 833.00%, Host Memory: 5829MB, GPU: 0MB, NPU Memory: 0MB, NPU HBM: 0MB, AICore: 0%
[0;32m[2025-10-28 05:48:40][0m CPU: 860.00%, Host Memory: 5958MB, GPU: 0MB, NPU Memory: 0MB, NPU HBM: 0MB, AICore: 0%
[0;32m[2025-10-28 05:48:45][0m CPU: 834.00%, Host Memory: 5893MB, GPU: 0MB, NPU Memory: 0MB, NPU HBM: 0MB, AICore: 0%
[0;32m[2025-10-28 05:48:49][0m CPU: 858.00%, Host Memory: 5800MB, GPU: 0MB, NPU Memory: 0MB, NPU HBM: 0MB, AICore: 0%
[0;32m[2025-10-28 05:48:54][0m CPU: 851.00%, Host Memory: 5985MB, GPU: 0MB, NPU Memory: 0MB, NPU HBM: 0MB, AICore: 0%
[0;32m[2025-10-28 05:48:59][0m CPU: 864.00%, Host Memory: 5878MB, GPU: 0MB, NPU Memory: 0MB, NPU HBM: 0MB, AICore: 0%
[0;32m[2025-10-28 05:49:03][0m CPU: 885.00%, Host Memory: 5872MB, GPU: 0MB, NPU Memory: 0MB, NPU HBM: 0MB, AICore: 0%

=== Run Statistics ===
Exit Code: 0
Run Time: 0h 2m 14s
Start Time: 2025-10-28 05:46:54
End Time: 2025-10-28 05:49:08

=== Resource Usage Summary ===
05:46:56,874.00,244,0,0,0,0,1
05:46:58,487.00,344,0,0,0,0,1
05:47:00,362.00,296,0,0,0,0,1
05:47:03,266.00,296,0,0,0,0,1
05:47:05,231.00,296,0,0,0,0,1
05:47:07,211.00,332,0,0,0,0,1
05:47:09,197.00,504,0,0,0,0,1
05:47:12,179.00,561,0,0,0,0,1
05:47:14,273.00,1733,0,0,0,0,1
05:47:16,394.00,2547,0,0,0,0,1
05:47:18,495.00,3088,0,0,0,0,1
05:47:21,537.00,3511,0,0,0,0,1
05:47:23,507.00,3522,0,0,0,0,1
05:47:25,526.00,3680,0,0,0,0,1
05:47:28,590.00,3872,0,0,0,0,1
05:47:30,632.00,3929,0,0,0,0,1
05:47:32,676.00,3979,0,0,0,0,1
05:47:34,648.00,3989,0,0,0,0,1
05:47:37,643.00,4113,0,0,0,0,1
05:47:39,688.00,4384,0,0,0,0,1
05:47:41,725.00,4367,0,0,0,0,1
05:47:43,749.00,4909,0,0,0,0,1
05:47:46,710.00,4917,0,0,0,0,1
05:47:48,718.00,5233,0,0,0,0,1
05:47:50,748.00,5417,0,0,0,0,1
05:47:53,763.00,5441,0,0,0,0,1
05:47:55,778.00,5568,0,0,0,0,1
05:47:57,757.00,5575,0,0,0,0,1
05:47:59,756.00,5599,0,0,0,0,1
05:48:02,769.00,5848,0,0,0,0,1
05:48:04,792.00,5847,0,0,0,0,1
05:48:06,806.00,5864,0,0,0,0,1
05:48:08,787.00,5878,0,0,0,0,1
05:48:11,782.00,5847,0,0,0,0,1
05:48:13,802.00,5810,0,0,0,0,1
05:48:15,820.00,5939,0,0,0,0,1
05:48:17,826.00,5867,0,0,0,0,1
05:48:20,800.00,5875,0,0,0,0,1
05:48:22,798.00,5972,0,0,0,0,1
05:48:24,817.00,5872,0,0,0,0,1
05:48:26,833.00,5782,0,0,0,0,1
05:48:29,837.00,5761,0,0,0,0,1
05:48:31,822.00,5771,0,0,0,0,1
05:48:33,823.00,5682,0,0,0,0,1
05:48:36,833.00,5829,0,0,0,0,1
05:48:38,850.00,5840,0,0,0,0,1
05:48:40,860.00,5958,0,0,0,0,1
05:48:42,847.00,5968,0,0,0,0,1
05:48:45,834.00,5893,0,0,0,0,1
05:48:47,847.00,5904,0,0,0,0,1
05:48:49,858.00,5800,0,0,0,0,1
05:48:51,871.00,5975,0,0,0,0,1
05:48:54,851.00,5985,0,0,0,0,1
05:48:56,852.00,5922,0,0,0,0,1
05:48:58,864.00,5878,0,0,0,0,1
05:49:01,872.00,5768,0,0,0,0,1
05:49:03,885.00,5872,0,0,0,0,1
05:49:05,880.00,5813,0,0,0,0,1

=== Resource Usage Statistics ===
Sample Count: 58
Average CPU Usage: 693.76%
Peak CPU Usage: 885.00%
Average Host Memory Usage: 4521.83MB
Peak Host Memory Usage: 5985MB
Average GPU Memory Usage: 0.00MB
Peak GPU Memory Usage: 0MB
Average NPU Memory Usage: 0.00MB
Peak NPU Memory Usage: 0MB
Average NPU HBM Usage: 0.00MB
Peak NPU HBM Usage: 0MB
Average NPU AICore Usage: 0.00%
Peak NPU AICore Usage: 0.00%
Maximum Process Count: 1
[0;32m[2025-10-28 05:49:08][0m Program run completed
[0;32m[2025-10-28 05:49:08][0m Run Time: 0 hours 2 minutes 14 seconds
[0;32m[2025-10-28 05:49:08][0m Exit Code: 0
[0;32m[2025-10-28 05:49:08][0m Detailed Log: monitor_CasMiner-Pred-no_gpu.py_20251028_054654.log
