/data1/xuguoshun/lab_work/CRISPR-Cas9/01_model_ana/A-other_ML/ESM2/ESM2-FT/ESM2-finetune.py:94: FutureWarning: `torch.cuda.amp.GradScaler(args...)` is deprecated. Please use `torch.amp.GradScaler('cuda', args...)` instead.
  scaler = GradScaler()  # 混合精度训练
========== Fold 1 ==========


EPOCHS: 5
ESM model loaded
Classifier model created
Data loaded
Training model...
/data1/xuguoshun/lab_work/CRISPR-Cas9/01_model_ana/A-other_ML/ESM2/ESM2-FT/ESM2-finetune.py:109: FutureWarning: `torch.cuda.amp.autocast(args...)` is deprecated. Please use `torch.amp.autocast('cuda', args...)` instead.
  with autocast():  # 混合精度上下文
Epoch 1/5
F1	Train loss: 0.107917
F1	Val Acc: 1.000000
F1	Val Precision: 1.000000
F1	Val Recall: 1.000000
F1	Val F1: 1.000000

/data1/xuguoshun/lab_work/CRISPR-Cas9/01_model_ana/A-other_ML/ESM2/ESM2-FT/ESM2-finetune.py:109: FutureWarning: `torch.cuda.amp.autocast(args...)` is deprecated. Please use `torch.amp.autocast('cuda', args...)` instead.
  with autocast():  # 混合精度上下文
Epoch 2/5
F1	Train loss: 0.006880
F1	Val Acc: 1.000000
F1	Val Precision: 1.000000
F1	Val Recall: 1.000000
F1	Val F1: 1.000000

/data1/xuguoshun/lab_work/CRISPR-Cas9/01_model_ana/A-other_ML/ESM2/ESM2-FT/ESM2-finetune.py:109: FutureWarning: `torch.cuda.amp.autocast(args...)` is deprecated. Please use `torch.amp.autocast('cuda', args...)` instead.
  with autocast():  # 混合精度上下文
Epoch 3/5
F1	Train loss: 0.004198
F1	Val Acc: 1.000000
F1	Val Precision: 1.000000
F1	Val Recall: 1.000000
F1	Val F1: 1.000000

/data1/xuguoshun/lab_work/CRISPR-Cas9/01_model_ana/A-other_ML/ESM2/ESM2-FT/ESM2-finetune.py:109: FutureWarning: `torch.cuda.amp.autocast(args...)` is deprecated. Please use `torch.amp.autocast('cuda', args...)` instead.
  with autocast():  # 混合精度上下文
Epoch 4/5
F1	Train loss: 0.002187
F1	Val Acc: 1.000000
F1	Val Precision: 1.000000
F1	Val Recall: 1.000000
F1	Val F1: 1.000000

/data1/xuguoshun/lab_work/CRISPR-Cas9/01_model_ana/A-other_ML/ESM2/ESM2-FT/ESM2-finetune.py:109: FutureWarning: `torch.cuda.amp.autocast(args...)` is deprecated. Please use `torch.amp.autocast('cuda', args...)` instead.
  with autocast():  # 混合精度上下文
Epoch 5/5
F1	Train loss: 0.001574
F1	Val Acc: 1.000000
F1	Val Precision: 1.000000
F1	Val Recall: 1.000000
F1	Val F1: 1.000000

Training complete!
/data1/xuguoshun/lab_work/CRISPR-Cas9/01_model_ana/A-other_ML/ESM2/ESM2-FT/ESM2-finetune.py:94: FutureWarning: `torch.cuda.amp.GradScaler(args...)` is deprecated. Please use `torch.amp.GradScaler('cuda', args...)` instead.
  scaler = GradScaler()  # 混合精度训练
========== Fold 2 ==========


EPOCHS: 5
ESM model loaded
Classifier model created
Data loaded
Training model...
/data1/xuguoshun/lab_work/CRISPR-Cas9/01_model_ana/A-other_ML/ESM2/ESM2-FT/ESM2-finetune.py:109: FutureWarning: `torch.cuda.amp.autocast(args...)` is deprecated. Please use `torch.amp.autocast('cuda', args...)` instead.
  with autocast():  # 混合精度上下文
Epoch 1/5
F2	Train loss: 0.095631
F2	Val Acc: 1.000000
F2	Val Precision: 1.000000
F2	Val Recall: 1.000000
F2	Val F1: 1.000000

/data1/xuguoshun/lab_work/CRISPR-Cas9/01_model_ana/A-other_ML/ESM2/ESM2-FT/ESM2-finetune.py:109: FutureWarning: `torch.cuda.amp.autocast(args...)` is deprecated. Please use `torch.amp.autocast('cuda', args...)` instead.
  with autocast():  # 混合精度上下文
Epoch 2/5
F2	Train loss: 0.005722
F2	Val Acc: 0.997436
F2	Val Precision: 1.000000
F2	Val Recall: 0.994872
F2	Val F1: 0.997429

/data1/xuguoshun/lab_work/CRISPR-Cas9/01_model_ana/A-other_ML/ESM2/ESM2-FT/ESM2-finetune.py:109: FutureWarning: `torch.cuda.amp.autocast(args...)` is deprecated. Please use `torch.amp.autocast('cuda', args...)` instead.
  with autocast():  # 混合精度上下文
Epoch 3/5
F2	Train loss: 0.002935
F2	Val Acc: 0.997436
F2	Val Precision: 1.000000
F2	Val Recall: 0.994872
F2	Val F1: 0.997429

/data1/xuguoshun/lab_work/CRISPR-Cas9/01_model_ana/A-other_ML/ESM2/ESM2-FT/ESM2-finetune.py:109: FutureWarning: `torch.cuda.amp.autocast(args...)` is deprecated. Please use `torch.amp.autocast('cuda', args...)` instead.
  with autocast():  # 混合精度上下文
Epoch 4/5
F2	Train loss: 0.001970
F2	Val Acc: 0.997436
F2	Val Precision: 1.000000
F2	Val Recall: 0.994872
F2	Val F1: 0.997429

/data1/xuguoshun/lab_work/CRISPR-Cas9/01_model_ana/A-other_ML/ESM2/ESM2-FT/ESM2-finetune.py:109: FutureWarning: `torch.cuda.amp.autocast(args...)` is deprecated. Please use `torch.amp.autocast('cuda', args...)` instead.
  with autocast():  # 混合精度上下文
Epoch 5/5
F2	Train loss: 0.001481
F2	Val Acc: 0.997436
F2	Val Precision: 1.000000
F2	Val Recall: 0.994872
F2	Val F1: 0.997429

Training complete!
/data1/xuguoshun/lab_work/CRISPR-Cas9/01_model_ana/A-other_ML/ESM2/ESM2-FT/ESM2-finetune.py:94: FutureWarning: `torch.cuda.amp.GradScaler(args...)` is deprecated. Please use `torch.amp.GradScaler('cuda', args...)` instead.
  scaler = GradScaler()  # 混合精度训练
========== Fold 3 ==========


EPOCHS: 5
ESM model loaded
Classifier model created
Data loaded
Training model...
/data1/xuguoshun/lab_work/CRISPR-Cas9/01_model_ana/A-other_ML/ESM2/ESM2-FT/ESM2-finetune.py:109: FutureWarning: `torch.cuda.amp.autocast(args...)` is deprecated. Please use `torch.amp.autocast('cuda', args...)` instead.
  with autocast():  # 混合精度上下文
Epoch 1/5
F3	Train loss: 0.133866
F3	Val Acc: 0.997436
F3	Val Precision: 1.000000
F3	Val Recall: 0.994872
F3	Val F1: 0.997429

/data1/xuguoshun/lab_work/CRISPR-Cas9/01_model_ana/A-other_ML/ESM2/ESM2-FT/ESM2-finetune.py:109: FutureWarning: `torch.cuda.amp.autocast(args...)` is deprecated. Please use `torch.amp.autocast('cuda', args...)` instead.
  with autocast():  # 混合精度上下文
Epoch 2/5
F3	Train loss: 0.009045
F3	Val Acc: 1.000000
F3	Val Precision: 1.000000
F3	Val Recall: 1.000000
F3	Val F1: 1.000000

/data1/xuguoshun/lab_work/CRISPR-Cas9/01_model_ana/A-other_ML/ESM2/ESM2-FT/ESM2-finetune.py:109: FutureWarning: `torch.cuda.amp.autocast(args...)` is deprecated. Please use `torch.amp.autocast('cuda', args...)` instead.
  with autocast():  # 混合精度上下文
Epoch 3/5
F3	Train loss: 0.003674
F3	Val Acc: 1.000000
F3	Val Precision: 1.000000
F3	Val Recall: 1.000000
F3	Val F1: 1.000000

/data1/xuguoshun/lab_work/CRISPR-Cas9/01_model_ana/A-other_ML/ESM2/ESM2-FT/ESM2-finetune.py:109: FutureWarning: `torch.cuda.amp.autocast(args...)` is deprecated. Please use `torch.amp.autocast('cuda', args...)` instead.
  with autocast():  # 混合精度上下文
Epoch 4/5
F3	Train loss: 0.002453
F3	Val Acc: 1.000000
F3	Val Precision: 1.000000
F3	Val Recall: 1.000000
F3	Val F1: 1.000000

/data1/xuguoshun/lab_work/CRISPR-Cas9/01_model_ana/A-other_ML/ESM2/ESM2-FT/ESM2-finetune.py:109: FutureWarning: `torch.cuda.amp.autocast(args...)` is deprecated. Please use `torch.amp.autocast('cuda', args...)` instead.
  with autocast():  # 混合精度上下文
Epoch 5/5
F3	Train loss: 0.001832
F3	Val Acc: 1.000000
F3	Val Precision: 1.000000
F3	Val Recall: 1.000000
F3	Val F1: 1.000000

Training complete!
/data1/xuguoshun/lab_work/CRISPR-Cas9/01_model_ana/A-other_ML/ESM2/ESM2-FT/ESM2-finetune.py:94: FutureWarning: `torch.cuda.amp.GradScaler(args...)` is deprecated. Please use `torch.amp.GradScaler('cuda', args...)` instead.
  scaler = GradScaler()  # 混合精度训练
========== Fold 4 ==========


EPOCHS: 5
ESM model loaded
Classifier model created
Data loaded
Training model...
/data1/xuguoshun/lab_work/CRISPR-Cas9/01_model_ana/A-other_ML/ESM2/ESM2-FT/ESM2-finetune.py:109: FutureWarning: `torch.cuda.amp.autocast(args...)` is deprecated. Please use `torch.amp.autocast('cuda', args...)` instead.
  with autocast():  # 混合精度上下文
Epoch 1/5
F4	Train loss: 0.103850
F4	Val Acc: 1.000000
F4	Val Precision: 1.000000
F4	Val Recall: 1.000000
F4	Val F1: 1.000000

/data1/xuguoshun/lab_work/CRISPR-Cas9/01_model_ana/A-other_ML/ESM2/ESM2-FT/ESM2-finetune.py:109: FutureWarning: `torch.cuda.amp.autocast(args...)` is deprecated. Please use `torch.amp.autocast('cuda', args...)` instead.
  with autocast():  # 混合精度上下文
Epoch 2/5
F4	Train loss: 0.006714
F4	Val Acc: 1.000000
F4	Val Precision: 1.000000
F4	Val Recall: 1.000000
F4	Val F1: 1.000000

/data1/xuguoshun/lab_work/CRISPR-Cas9/01_model_ana/A-other_ML/ESM2/ESM2-FT/ESM2-finetune.py:109: FutureWarning: `torch.cuda.amp.autocast(args...)` is deprecated. Please use `torch.amp.autocast('cuda', args...)` instead.
  with autocast():  # 混合精度上下文
Epoch 3/5
F4	Train loss: 0.003311
F4	Val Acc: 1.000000
F4	Val Precision: 1.000000
F4	Val Recall: 1.000000
F4	Val F1: 1.000000

/data1/xuguoshun/lab_work/CRISPR-Cas9/01_model_ana/A-other_ML/ESM2/ESM2-FT/ESM2-finetune.py:109: FutureWarning: `torch.cuda.amp.autocast(args...)` is deprecated. Please use `torch.amp.autocast('cuda', args...)` instead.
  with autocast():  # 混合精度上下文
Epoch 4/5
F4	Train loss: 0.002159
F4	Val Acc: 1.000000
F4	Val Precision: 1.000000
F4	Val Recall: 1.000000
F4	Val F1: 1.000000

/data1/xuguoshun/lab_work/CRISPR-Cas9/01_model_ana/A-other_ML/ESM2/ESM2-FT/ESM2-finetune.py:109: FutureWarning: `torch.cuda.amp.autocast(args...)` is deprecated. Please use `torch.amp.autocast('cuda', args...)` instead.
  with autocast():  # 混合精度上下文
Epoch 5/5
F4	Train loss: 0.001572
F4	Val Acc: 1.000000
F4	Val Precision: 1.000000
F4	Val Recall: 1.000000
F4	Val F1: 1.000000

Training complete!
/data1/xuguoshun/lab_work/CRISPR-Cas9/01_model_ana/A-other_ML/ESM2/ESM2-FT/ESM2-finetune.py:94: FutureWarning: `torch.cuda.amp.GradScaler(args...)` is deprecated. Please use `torch.amp.GradScaler('cuda', args...)` instead.
  scaler = GradScaler()  # 混合精度训练
========== Fold 5 ==========


EPOCHS: 5
ESM model loaded
Classifier model created
Data loaded
Training model...
/data1/xuguoshun/lab_work/CRISPR-Cas9/01_model_ana/A-other_ML/ESM2/ESM2-FT/ESM2-finetune.py:109: FutureWarning: `torch.cuda.amp.autocast(args...)` is deprecated. Please use `torch.amp.autocast('cuda', args...)` instead.
  with autocast():  # 混合精度上下文
Epoch 1/5
F5	Train loss: 0.101512
F5	Val Acc: 1.000000
F5	Val Precision: 1.000000
F5	Val Recall: 1.000000
F5	Val F1: 1.000000

/data1/xuguoshun/lab_work/CRISPR-Cas9/01_model_ana/A-other_ML/ESM2/ESM2-FT/ESM2-finetune.py:109: FutureWarning: `torch.cuda.amp.autocast(args...)` is deprecated. Please use `torch.amp.autocast('cuda', args...)` instead.
  with autocast():  # 混合精度上下文
Epoch 2/5
F5	Train loss: 0.009067
F5	Val Acc: 1.000000
F5	Val Precision: 1.000000
F5	Val Recall: 1.000000
F5	Val F1: 1.000000

/data1/xuguoshun/lab_work/CRISPR-Cas9/01_model_ana/A-other_ML/ESM2/ESM2-FT/ESM2-finetune.py:109: FutureWarning: `torch.cuda.amp.autocast(args...)` is deprecated. Please use `torch.amp.autocast('cuda', args...)` instead.
  with autocast():  # 混合精度上下文
Epoch 3/5
F5	Train loss: 0.003777
F5	Val Acc: 1.000000
F5	Val Precision: 1.000000
F5	Val Recall: 1.000000
F5	Val F1: 1.000000

/data1/xuguoshun/lab_work/CRISPR-Cas9/01_model_ana/A-other_ML/ESM2/ESM2-FT/ESM2-finetune.py:109: FutureWarning: `torch.cuda.amp.autocast(args...)` is deprecated. Please use `torch.amp.autocast('cuda', args...)` instead.
  with autocast():  # 混合精度上下文
Epoch 4/5
F5	Train loss: 0.002415
F5	Val Acc: 1.000000
F5	Val Precision: 1.000000
F5	Val Recall: 1.000000
F5	Val F1: 1.000000

/data1/xuguoshun/lab_work/CRISPR-Cas9/01_model_ana/A-other_ML/ESM2/ESM2-FT/ESM2-finetune.py:109: FutureWarning: `torch.cuda.amp.autocast(args...)` is deprecated. Please use `torch.amp.autocast('cuda', args...)` instead.
  with autocast():  # 混合精度上下文
Epoch 5/5
F5	Train loss: 0.001798
F5	Val Acc: 1.000000
F5	Val Precision: 1.000000
F5	Val Recall: 1.000000
F5	Val F1: 1.000000

Training complete!
/data1/xuguoshun/lab_work/CRISPR-Cas9/01_model_ana/A-other_ML/ESM2/ESM2-FT/ESM2-finetune.py:94: FutureWarning: `torch.cuda.amp.GradScaler(args...)` is deprecated. Please use `torch.amp.GradScaler('cuda', args...)` instead.
  scaler = GradScaler()  # 混合精度训练
========== Fold 6 ==========


EPOCHS: 5
ESM model loaded
Classifier model created
Data loaded
Training model...
/data1/xuguoshun/lab_work/CRISPR-Cas9/01_model_ana/A-other_ML/ESM2/ESM2-FT/ESM2-finetune.py:109: FutureWarning: `torch.cuda.amp.autocast(args...)` is deprecated. Please use `torch.amp.autocast('cuda', args...)` instead.
  with autocast():  # 混合精度上下文
Epoch 1/5
F6	Train loss: 0.111454
F6	Val Acc: 0.997436
F6	Val Precision: 1.000000
F6	Val Recall: 0.994872
F6	Val F1: 0.997429

/data1/xuguoshun/lab_work/CRISPR-Cas9/01_model_ana/A-other_ML/ESM2/ESM2-FT/ESM2-finetune.py:109: FutureWarning: `torch.cuda.amp.autocast(args...)` is deprecated. Please use `torch.amp.autocast('cuda', args...)` instead.
  with autocast():  # 混合精度上下文
Epoch 2/5
F6	Train loss: 0.006784
F6	Val Acc: 1.000000
F6	Val Precision: 1.000000
F6	Val Recall: 1.000000
F6	Val F1: 1.000000

/data1/xuguoshun/lab_work/CRISPR-Cas9/01_model_ana/A-other_ML/ESM2/ESM2-FT/ESM2-finetune.py:109: FutureWarning: `torch.cuda.amp.autocast(args...)` is deprecated. Please use `torch.amp.autocast('cuda', args...)` instead.
  with autocast():  # 混合精度上下文
Epoch 3/5
F6	Train loss: 0.003306
F6	Val Acc: 1.000000
F6	Val Precision: 1.000000
F6	Val Recall: 1.000000
F6	Val F1: 1.000000

/data1/xuguoshun/lab_work/CRISPR-Cas9/01_model_ana/A-other_ML/ESM2/ESM2-FT/ESM2-finetune.py:109: FutureWarning: `torch.cuda.amp.autocast(args...)` is deprecated. Please use `torch.amp.autocast('cuda', args...)` instead.
  with autocast():  # 混合精度上下文
Epoch 4/5
F6	Train loss: 0.002160
F6	Val Acc: 1.000000
F6	Val Precision: 1.000000
F6	Val Recall: 1.000000
F6	Val F1: 1.000000

/data1/xuguoshun/lab_work/CRISPR-Cas9/01_model_ana/A-other_ML/ESM2/ESM2-FT/ESM2-finetune.py:109: FutureWarning: `torch.cuda.amp.autocast(args...)` is deprecated. Please use `torch.amp.autocast('cuda', args...)` instead.
  with autocast():  # 混合精度上下文
Epoch 5/5
F6	Train loss: 0.001604
F6	Val Acc: 1.000000
F6	Val Precision: 1.000000
F6	Val Recall: 1.000000
F6	Val F1: 1.000000

Training complete!
/data1/xuguoshun/lab_work/CRISPR-Cas9/01_model_ana/A-other_ML/ESM2/ESM2-FT/ESM2-finetune.py:94: FutureWarning: `torch.cuda.amp.GradScaler(args...)` is deprecated. Please use `torch.amp.GradScaler('cuda', args...)` instead.
  scaler = GradScaler()  # 混合精度训练
========== Fold 7 ==========


EPOCHS: 5
ESM model loaded
Classifier model created
Data loaded
Training model...
/data1/xuguoshun/lab_work/CRISPR-Cas9/01_model_ana/A-other_ML/ESM2/ESM2-FT/ESM2-finetune.py:109: FutureWarning: `torch.cuda.amp.autocast(args...)` is deprecated. Please use `torch.amp.autocast('cuda', args...)` instead.
  with autocast():  # 混合精度上下文
Epoch 1/5
F7	Train loss: 0.118376
F7	Val Acc: 1.000000
F7	Val Precision: 1.000000
F7	Val Recall: 1.000000
F7	Val F1: 1.000000

/data1/xuguoshun/lab_work/CRISPR-Cas9/01_model_ana/A-other_ML/ESM2/ESM2-FT/ESM2-finetune.py:109: FutureWarning: `torch.cuda.amp.autocast(args...)` is deprecated. Please use `torch.amp.autocast('cuda', args...)` instead.
  with autocast():  # 混合精度上下文
Epoch 2/5
F7	Train loss: 0.008627
F7	Val Acc: 1.000000
F7	Val Precision: 1.000000
F7	Val Recall: 1.000000
F7	Val F1: 1.000000

/data1/xuguoshun/lab_work/CRISPR-Cas9/01_model_ana/A-other_ML/ESM2/ESM2-FT/ESM2-finetune.py:109: FutureWarning: `torch.cuda.amp.autocast(args...)` is deprecated. Please use `torch.amp.autocast('cuda', args...)` instead.
  with autocast():  # 混合精度上下文
Epoch 3/5
F7	Train loss: 0.003867
F7	Val Acc: 1.000000
F7	Val Precision: 1.000000
F7	Val Recall: 1.000000
F7	Val F1: 1.000000

/data1/xuguoshun/lab_work/CRISPR-Cas9/01_model_ana/A-other_ML/ESM2/ESM2-FT/ESM2-finetune.py:109: FutureWarning: `torch.cuda.amp.autocast(args...)` is deprecated. Please use `torch.amp.autocast('cuda', args...)` instead.
  with autocast():  # 混合精度上下文
Epoch 4/5
F7	Train loss: 0.002309
F7	Val Acc: 1.000000
F7	Val Precision: 1.000000
F7	Val Recall: 1.000000
F7	Val F1: 1.000000

/data1/xuguoshun/lab_work/CRISPR-Cas9/01_model_ana/A-other_ML/ESM2/ESM2-FT/ESM2-finetune.py:109: FutureWarning: `torch.cuda.amp.autocast(args...)` is deprecated. Please use `torch.amp.autocast('cuda', args...)` instead.
  with autocast():  # 混合精度上下文
Epoch 5/5
F7	Train loss: 0.001683
F7	Val Acc: 1.000000
F7	Val Precision: 1.000000
F7	Val Recall: 1.000000
F7	Val F1: 1.000000

Training complete!
/data1/xuguoshun/lab_work/CRISPR-Cas9/01_model_ana/A-other_ML/ESM2/ESM2-FT/ESM2-finetune.py:94: FutureWarning: `torch.cuda.amp.GradScaler(args...)` is deprecated. Please use `torch.amp.GradScaler('cuda', args...)` instead.
  scaler = GradScaler()  # 混合精度训练
========== Fold 8 ==========


EPOCHS: 5
ESM model loaded
Classifier model created
Data loaded
Training model...
/data1/xuguoshun/lab_work/CRISPR-Cas9/01_model_ana/A-other_ML/ESM2/ESM2-FT/ESM2-finetune.py:109: FutureWarning: `torch.cuda.amp.autocast(args...)` is deprecated. Please use `torch.amp.autocast('cuda', args...)` instead.
  with autocast():  # 混合精度上下文
Epoch 1/5
F8	Train loss: 0.110367
F8	Val Acc: 1.000000
F8	Val Precision: 1.000000
F8	Val Recall: 1.000000
F8	Val F1: 1.000000

/data1/xuguoshun/lab_work/CRISPR-Cas9/01_model_ana/A-other_ML/ESM2/ESM2-FT/ESM2-finetune.py:109: FutureWarning: `torch.cuda.amp.autocast(args...)` is deprecated. Please use `torch.amp.autocast('cuda', args...)` instead.
  with autocast():  # 混合精度上下文
Epoch 2/5
F8	Train loss: 0.006955
F8	Val Acc: 1.000000
F8	Val Precision: 1.000000
F8	Val Recall: 1.000000
F8	Val F1: 1.000000

/data1/xuguoshun/lab_work/CRISPR-Cas9/01_model_ana/A-other_ML/ESM2/ESM2-FT/ESM2-finetune.py:109: FutureWarning: `torch.cuda.amp.autocast(args...)` is deprecated. Please use `torch.amp.autocast('cuda', args...)` instead.
  with autocast():  # 混合精度上下文
Epoch 3/5
F8	Train loss: 0.003129
F8	Val Acc: 1.000000
F8	Val Precision: 1.000000
F8	Val Recall: 1.000000
F8	Val F1: 1.000000

/data1/xuguoshun/lab_work/CRISPR-Cas9/01_model_ana/A-other_ML/ESM2/ESM2-FT/ESM2-finetune.py:109: FutureWarning: `torch.cuda.amp.autocast(args...)` is deprecated. Please use `torch.amp.autocast('cuda', args...)` instead.
  with autocast():  # 混合精度上下文
Epoch 4/5
F8	Train loss: 0.001950
F8	Val Acc: 1.000000
F8	Val Precision: 1.000000
F8	Val Recall: 1.000000
F8	Val F1: 1.000000

/data1/xuguoshun/lab_work/CRISPR-Cas9/01_model_ana/A-other_ML/ESM2/ESM2-FT/ESM2-finetune.py:109: FutureWarning: `torch.cuda.amp.autocast(args...)` is deprecated. Please use `torch.amp.autocast('cuda', args...)` instead.
  with autocast():  # 混合精度上下文
Epoch 5/5
F8	Train loss: 0.001449
F8	Val Acc: 1.000000
F8	Val Precision: 1.000000
F8	Val Recall: 1.000000
F8	Val F1: 1.000000

Training complete!
/data1/xuguoshun/lab_work/CRISPR-Cas9/01_model_ana/A-other_ML/ESM2/ESM2-FT/ESM2-finetune.py:94: FutureWarning: `torch.cuda.amp.GradScaler(args...)` is deprecated. Please use `torch.amp.GradScaler('cuda', args...)` instead.
  scaler = GradScaler()  # 混合精度训练
========== Fold 9 ==========


EPOCHS: 5
ESM model loaded
Classifier model created
Data loaded
Training model...
/data1/xuguoshun/lab_work/CRISPR-Cas9/01_model_ana/A-other_ML/ESM2/ESM2-FT/ESM2-finetune.py:109: FutureWarning: `torch.cuda.amp.autocast(args...)` is deprecated. Please use `torch.amp.autocast('cuda', args...)` instead.
  with autocast():  # 混合精度上下文
Epoch 1/5
F9	Train loss: 0.111396
F9	Val Acc: 1.000000
F9	Val Precision: 1.000000
F9	Val Recall: 1.000000
F9	Val F1: 1.000000

/data1/xuguoshun/lab_work/CRISPR-Cas9/01_model_ana/A-other_ML/ESM2/ESM2-FT/ESM2-finetune.py:109: FutureWarning: `torch.cuda.amp.autocast(args...)` is deprecated. Please use `torch.amp.autocast('cuda', args...)` instead.
  with autocast():  # 混合精度上下文
Epoch 2/5
F9	Train loss: 0.007142
F9	Val Acc: 1.000000
F9	Val Precision: 1.000000
F9	Val Recall: 1.000000
F9	Val F1: 1.000000

/data1/xuguoshun/lab_work/CRISPR-Cas9/01_model_ana/A-other_ML/ESM2/ESM2-FT/ESM2-finetune.py:109: FutureWarning: `torch.cuda.amp.autocast(args...)` is deprecated. Please use `torch.amp.autocast('cuda', args...)` instead.
  with autocast():  # 混合精度上下文
Epoch 3/5
F9	Train loss: 0.003581
F9	Val Acc: 1.000000
F9	Val Precision: 1.000000
F9	Val Recall: 1.000000
F9	Val F1: 1.000000

/data1/xuguoshun/lab_work/CRISPR-Cas9/01_model_ana/A-other_ML/ESM2/ESM2-FT/ESM2-finetune.py:109: FutureWarning: `torch.cuda.amp.autocast(args...)` is deprecated. Please use `torch.amp.autocast('cuda', args...)` instead.
  with autocast():  # 混合精度上下文
Epoch 4/5
F9	Train loss: 0.002359
F9	Val Acc: 1.000000
F9	Val Precision: 1.000000
F9	Val Recall: 1.000000
F9	Val F1: 1.000000

/data1/xuguoshun/lab_work/CRISPR-Cas9/01_model_ana/A-other_ML/ESM2/ESM2-FT/ESM2-finetune.py:109: FutureWarning: `torch.cuda.amp.autocast(args...)` is deprecated. Please use `torch.amp.autocast('cuda', args...)` instead.
  with autocast():  # 混合精度上下文
Epoch 5/5
F9	Train loss: 0.001760
F9	Val Acc: 1.000000
F9	Val Precision: 1.000000
F9	Val Recall: 1.000000
F9	Val F1: 1.000000

Training complete!
/data1/xuguoshun/lab_work/CRISPR-Cas9/01_model_ana/A-other_ML/ESM2/ESM2-FT/ESM2-finetune.py:94: FutureWarning: `torch.cuda.amp.GradScaler(args...)` is deprecated. Please use `torch.amp.GradScaler('cuda', args...)` instead.
  scaler = GradScaler()  # 混合精度训练
========== Fold 10 ==========


EPOCHS: 5
ESM model loaded
Classifier model created
Data loaded
Training model...
/data1/xuguoshun/lab_work/CRISPR-Cas9/01_model_ana/A-other_ML/ESM2/ESM2-FT/ESM2-finetune.py:109: FutureWarning: `torch.cuda.amp.autocast(args...)` is deprecated. Please use `torch.amp.autocast('cuda', args...)` instead.
  with autocast():  # 混合精度上下文
Epoch 1/5
F10	Train loss: 0.109595
F10	Val Acc: 1.000000
F10	Val Precision: 1.000000
F10	Val Recall: 1.000000
F10	Val F1: 1.000000

/data1/xuguoshun/lab_work/CRISPR-Cas9/01_model_ana/A-other_ML/ESM2/ESM2-FT/ESM2-finetune.py:109: FutureWarning: `torch.cuda.amp.autocast(args...)` is deprecated. Please use `torch.amp.autocast('cuda', args...)` instead.
  with autocast():  # 混合精度上下文
Epoch 2/5
F10	Train loss: 0.007061
F10	Val Acc: 1.000000
F10	Val Precision: 1.000000
F10	Val Recall: 1.000000
F10	Val F1: 1.000000

/data1/xuguoshun/lab_work/CRISPR-Cas9/01_model_ana/A-other_ML/ESM2/ESM2-FT/ESM2-finetune.py:109: FutureWarning: `torch.cuda.amp.autocast(args...)` is deprecated. Please use `torch.amp.autocast('cuda', args...)` instead.
  with autocast():  # 混合精度上下文
Epoch 3/5
F10	Train loss: 0.003342
F10	Val Acc: 1.000000
F10	Val Precision: 1.000000
F10	Val Recall: 1.000000
F10	Val F1: 1.000000

/data1/xuguoshun/lab_work/CRISPR-Cas9/01_model_ana/A-other_ML/ESM2/ESM2-FT/ESM2-finetune.py:109: FutureWarning: `torch.cuda.amp.autocast(args...)` is deprecated. Please use `torch.amp.autocast('cuda', args...)` instead.
  with autocast():  # 混合精度上下文
Epoch 4/5
F10	Train loss: 0.002201
F10	Val Acc: 1.000000
F10	Val Precision: 1.000000
F10	Val Recall: 1.000000
F10	Val F1: 1.000000

/data1/xuguoshun/lab_work/CRISPR-Cas9/01_model_ana/A-other_ML/ESM2/ESM2-FT/ESM2-finetune.py:109: FutureWarning: `torch.cuda.amp.autocast(args...)` is deprecated. Please use `torch.amp.autocast('cuda', args...)` instead.
  with autocast():  # 混合精度上下文
Epoch 5/5
F10	Train loss: 0.001629
F10	Val Acc: 1.000000
F10	Val Precision: 1.000000
F10	Val Recall: 1.000000
F10	Val F1: 1.000000

Training complete!
Done
